Sv4jq8t-7us
EBkh2S66DE4
A03tppqAxGY
lzNNMQXPsRE
b-ObrXTRz-0
WgrBXPlYy64
k9ZGzaBGZKs
kOBrCSNt8vo
xP97gfzijgc
89R3z662iTk
SPBM65VcuY8
OdmLKIZ0K5Y
2Wz7KvLFgYQ
2bvipo8_8EY
tBDx7DmQafc
XXHbEBQWxC8
sT80A5uPREo
HIoO6fuz1_I
xnsZueuiZH0
6l2-pCXqjo4
d9LlFB4Tx-Y
6yzVtlUI02w
2lnmNN2zmgU
2rIDRwS_NGI
d4K4oKXAz8I
CC_7903s8vo
0dQSxf5Hp70
bUV-tEhuwyU
8_fZneeSYMI
JknT1u3Y-wI
PdW_mvjbAic
dvymfDLoZkg
Dw1TzJU59DM
yUU1rXeEPM8
qzMjIsxka44
r4ba_HaTUjI
MJz7buDW92I
roKqxEXW1TI
sqd6ICn98eU
tBSnfI3IrtA
EYfZtinu5m4
NhuQzto4V_0
Rywy86bUnkY
oXIsm3y_nws
_fgE4PXxJg0
GTonLEN-v4M
zva87_SpbuQ
uCFIhsnyaek
lXWZ2wKdmY8
s5LOmeKuyMM
_dEX6MwMvd4
z6b8OAhQxzo
A44ax7JFwU4
eQboG1Eeb0g
qRDrgp5otfE
vk1rSvnvXoY
QjTkEyM_aTc
E9tZ60BMqlo
7Kp_uT_7NjM
xBuF34juPrs
YEmeMNLpGa4
VwvLM9P6eB8
VUXYPWktQkg
6C-Lj8EkKdw
s5SSDATpnkk
m_ROYL1l2zg
bgt5iurV9mE
T1-ITqczam0
9uaw7OQ0vbo
npJVN5-ZO2w
xXBOOlGr2EM
oiyKRS8wHeg
k8L-SEs7Ss8
CZ8lOwJHVEA
KnFnyC3v0zU
iajyvVaeFS4
GigfWzmJHtM
f-vqylbvECs
_WFbJc6HnF0
l_QuZhQ8EV0
j4rl2CInLz4
CTarX5lWGys
SYSESexbI3A
EmxFDvxO07g
cSYxu6wE5jE
_QaojBnfsnM
iDANajA_SO0
zKfB9PZwXyM
3h7PoIhHDTA
w-H5bcW95t8
QUGkf8q4Wuc
QX7IJXYuisw
CyWYzCu5rdk
Bum8BAIjc6o
XS5qjEXS6oM
hef85Sni-GU
wxcaxQKKs7g
k8NENQPwSAE
-X5-kZuBn6U
ve3ugHHToxQ
aUAqmjxkmnc
0LkovwwFu68
IzvRAyxq4aA
cWDf70x5NEM
MqCmlBFKGaY
oyA-6li06t4
j-OfIsmhed0
GyFWl-8ovyg
z26cZuVo2Mo
h7ZuhAMC_xg
hLRlj7CTCdQ
B9PEEXhXWDQ
zxVh7Fss5Mk
17lXrRkpiic
FptlVRbOPMY
B6q5ErWU77Y
rmMsJbGXQdw
aJYF6_x18ag
-rRVA7PmBqo
PRLaU2-TTW8
jZS2wt09snw
tNPWiBM-QAQ
ADBDL5bdVs4
ey60IhkJF3E
wyLhUHJZYvo
C4LraPdm5YI
GjB0Dqoqbb8
UhV3uDea0aE
fZpt0lBq9co
3W2rHi_GeKU
DPOmR3v_xF0
2JR8neao7X0
60vcFfUql34
CzpDT1bfw7k
qga49-5b9_M
bDb7Qwwzgyg
mYboadctRIk
q1fdIP_KyL0
LPdnf7iwGcs
O3Ojo6bNHQA
SutLKo0IorM
UbyIe_BnIHM
dk6KFdMffQU
FNqNAF-PJow
v8GVjlTm08Y
gc56CMy-2wA
12-zWVzRsG8
0NrBCqHpglA
PZjMOY7bHOg
SB2LFuKiQMI
5J3ilR3jP0U
-_edyRObneQ
zAClRJZclHg
I_H_RXZoG6s
s80qJn1RdZI
51QnLc9Bb2k
71tVLlJFQMI
KvSl7kF7c_E
a_sjDH2Vu2M
ROU7G0d4iyE
FQaWao_tQIY
4hHgi4AxkXw
Y8zh1fIaneY
m2eupbjY4ig
9VRmsQl_lSg
PLduPCn2h2U
gHY24wtdUxM
a4wbPavg8J0
o4kX8WeTS1A
-pHNCkERZuY
ySaVO2jmDw0
hOkGghmIBBo
is0ei54uCCU
u271hC4EMT4
ASbfvxmlI14
ZBWDuN-n5pg
M_jPqv3NvUI
-I9ut9uikjY
HrBhuzHHlhQ
qVPlWFKUBCI
FRrbjiOs4no
rN5_qjTyu8M
cGENqgCM_hI
T91xdIV0zoo
0Yr7PLqU1Tc
XkbnkcZyOrc
ub4INKbmf1A
bhY_BRgStTU
hwpYQ-XEV2Q
X_LPpTpTPAI
R38S9Ht0Gc8
Z_UC9gwQCn8
ZYQT7NSt6G0
ImCCNtdXwdo
ZkjEKwkMaUI
P_SkUqOVP-0
uUSGCtRcXfM
lualV5Dy1rA
p3ntXK15rEE
GhXuhx0qZAQ
_-fZ-WNmU1o
_a9H6XmKSJc
ckTKBIvyNcY
eJFfoSQcC0A
t98wnJziUaw
3HlPkRNNLh8
HJdYVTYih3o
KJ7KjnK5GfA
m3M8TgGPs8c
PZBlRPDGCao
nwJk9CZl9rY
YJNFkwPQ_fU
11sfIop-dDs
GZ05qhduOH0
RPOYmFMRbzc
acMvAnpPd_w
b3LtvnpUpiM
nwxr6bDixuo
GMk-i_h5Yn4
er5FRgGqX0k
fq4YpV7tVbE
n80wtlHddKk
nQuEUsvy8nM
xndJ0TnafHE
-iJLdE2sUKs
3WraxfMvCIc
7GcZeUoL3tM
E8bXdKJrvQE
fMWxQVyyCgI
jg03LQfS96Q
khKYVzLn_9Q
O3MGxd4DHh0
wv99DGEdS-g
44VWHc1P6Mk
8FQnG5pK4nw
9okZGlOanc4
NsuL-FrJJy8
SUPHqTkL5Nw
s8YjbzZ7AzE
6MYb0rBDYvs
wptZGgsMGuA
utHmPgOdJBU
wTu3QGViNvA
6nUtRLSPG_M
ugLKRVUqvsw
9BvCzt5e5d8
DvkSzzmp1D8
F-xFbRsktno
i7hW7ApzvrU
Q15PjHWKnyA
jap4YDu_Otk
hvNx6DbVENM
vRem-N8fsaY
DNCpZxGek6A
XskK1NDbgqc
z6POmBHwj94
oALiOW2ZZ_s
DOdBGVngVmU
IdW5p3NSAAU
dRHjrfX3OyQ
QEczTXC3rlU
sd9yVdC2uqc
yEe7PrUlYSA
vnheZtJgliU
zWQxNoqKE6E
US4kUV6MbCg
CG71OPbOHV4
WOYjaofH34k
EC6P2mxcMqM
HdVkUEr963M
NTdqyvTQxos
O_Fffx8vDYo
-4Up6YHPOUE
YvHKLVCHzNI
zSwE37gf-Jw
1xudlBlZVk4
6Bj9MB4xp5k
QsZTGvMnqnc
Z6tS9au5QGw
qsGFqVNAPNI
5iCKvfFGiqI
yDcYSzYixzc
BryfN6V3xfA
MQO568wWqkM
VbVnLZFWDYc
v1472l1YU_c
071RkjQLnkw
DbHxVnXP_t8
nvdyQVyESFE
8n7D79WXtDk
BVBA3L6PZlk
Ytj2ZW5hAII
IqP0P62q4JY
Yc9T8IR6Kkc
n35h_SgMMNM
zUphAlPJnHw
Tex8jHx4pSs
5v1noRcB3yI
EZvXQHvrTtY
mYJHtauiP9Q
s-ZESGm-rMo
iQAqqkUOFc8
yH3vkkrfpKA
sMLnu2BQwzM
rMZjX2Z1pFA
-KXGeXFYgDY
14fG4x_tkT8
gE90REaA1pY
QCAFFTforGY
EvxxAHZe-V8
Gz9qT4pdh7U
HNASvb1gXLY
h1RrJfOtGKQ
tMCJbu3IwIQ
woB8hGu9cFk
wHf2ewxMblU
wYI51NwekUI
6e687WEnie0
MMYf93_posA
Rn-wUpsRcQs
BSCnvIlygps
HAVW57DMiV4
v_9weNhEg54
wrrfHNkOsd4
o3rzyqr4cbw
iMGbjGtaoyQ
3GRWpSMc9uA
rH2Z07he8Y8
vme-PNEi3lM
zQLF4DUSXGs
38AVFWepcNo
ve4q-1D_Ajo
NR7gDJGFW5A
10XYi6E2QpI
tH6mlQ7olak
joCe-M-KXxE
OP0jwPOFcTE
gtCsmbqn29Q
hQk6Z7QqqJ0
wvWwxrBptZ8
4PdtNEOWPSg
Df_RDXf5hpo
VAJIT1UspX4
TCHUgBYucrI
ehLt--LadKI
f51ihrtpoSE
o6SuYf_C27M
7XULhEomzU8
iUhdc1GAddk
AEG1jolOcdc
8MIqvpoH1OE
eGsB7hE_cFo
wznrh9XqIc8
SUM4KAunTng
tSKVXl-WnrA
tVlKT6YSLRM
UdKrsk3tet4
C4xq0iELalk
DcrMey3XVk4
zGVnN4ITpqo
TNx3MpVs-BM
dQJ6qZcn7Fk
pv2HJcfC2_4
t72_WRmRA2A
9egCpoJb5Ww
pTBIR4kzamY
j5kulIixxkE
Q-RnElujInY
JHHBp702030
aKYWQ8wFtTs
NJGehdlOesQ
h04pTO_bqvI
kdRid_5IOsc
eJb4ST9bm94
gcGe5YpIbSQ
ZGVvZUzXRME
M85EhBsCvl0
S_eURHKS_EQ
C0Cm_KAgkUs
4uWo89T1wjQ
jbBSnHZXowo
8msMpoCE-SU
9mNLy4PnnJY
TpPaEblbekg
Z4P1SGopOpE
NKl5PyGUbQc
CYqmw7PItX8
QSEt7FgAImI
lRJt1GsQ-Ns
0_L012XlwLA
JPAaRsjDkC8
YVgyfIxvb3Y
woHKMPVarsk
_oksINmrv7E
t7k0YHkJTmk
0RajcBdN54E
KF-9VXnigx4
78gtolQGluM
q1YzuOfIbzU
cFuHeqUx7tg
a59q6tVHyJ4
aeqUs3yruo4
ve6cFf4c0GU
WCFKPJrt0Zk
1cEPMN-l3mE
6wXpsBqW_4o
j-rJRizYNVA
pQ6NWXKMK0w
3RPCUwOBXTw
QOS8bv5_oaw
ejtOIh-YJB0
GJaLbh2_yjk
C_n1R_Sfl3w
WSbmCTeqIfo
zzfmbnbrn7E
cAv3p5vv5cs
IPywgYgvxow
ehbVB7Pkx2M
IBkbB3n8Aq8
aJ5wc6mzFUg
r0L4E0Xd7lY
fDyT5f3-J3c
ZMKzcvIdigE
UpGeNPgh5xE
VWo9Irec9Bs
8kJacGNg_9w
1siNkIG34TA
6fybjzpUkVY
6wQx9E4iqxM
ctC6HXOMsgw
WPKIudzwJmM
gtYjZPZJZRc
AzuMZg0xbnI
JXUrg2HGc0s
641Kbpogalc
B2_ajjwgfbo
NYzaGgG1G_0
mfswWSOrWY4
ZVGM8xkWOmA
-jFkPKuQ7uU
GDRGsKGDUUU
MF-ZSoLFN60
1Jpk-LvrrlA
20t8i_lZ9Q4
aVHF8HZR0yE
l82O_cQiivk
bqG8VYsXaoU
gBR-ucvxMSA
luavkF7wfS4
4CNcKivLICY
X8bVqI2j8o4
S31_Z8L0e3c
KULb1uuWCTQ
nlhxBRDDbKQ
ZtVJjTUXMF4
uoKLgaZnHb8
xsfBxgc4byw
YgDOmTTpSyg
_zW4pcKNpBI
nm9m5bnI68E
BBeP34puA1U
1_wpqcfsqsg
0Obf-m3XaV8
NdONGQydl4w
aBAZNqa1SA4
V6jQNYkwlA8
l20_-dUuK9E
M2IFLHkidX4
w8TUu4F8jmA
v27yIkzuBQ8
l0GoCGR0Uas
-Tp8f2oiKo4
j2w8_7TvStI
tBSfIckPV44
zrExTPJaEoc
XolBNaavdAQ
jmwYl0aqx3Q
jshXRSwpVx0
h6ADS1Oy-4A
9OUz6I5UORg
3wxX6rzkyoI
AKn0usottIY
O4W-YI-NmR0
Z2ZTGupYCRo
_CC5iaaCf8g
DtSB0Q7iKmE
IgEUsIIhl0A
J2EgkC1uop8
QfEGj0hORhI
pFk9mDK3PuI
cyph7KN7cmk
7lIzw2fYswI
WTE0oWtWFuU
hqAij691qIw
YnberKDVRlk
1a9-2HgyqU8
aLIOrt-PnXA
iuXumz-lahU
XOj4Zo5CoTk
iAOPReZX23g
Ua387d0ZHkw
3bqmtlSrQxI
cji2UyeiMZE
IAxeaaiTp88
Q26IgoujAxI
xZ4F2Dhij8k
nbjy8m6avh8
x7K6ZmSb7n8
4mmL8Yql8WA
L3Tgn6sjaeU
eKvCdmfCOoY
Gqdo57uky4o
MU5dkX5-lVM
1v--NMCwXqw
Qr0Bl0wh3dw
QigoMlxhqMk
hSw8yszRtjg
6Z9sVpMm76I
GAqwydfZNmU
YGlwzbWimC4
q35H6n8_hz4
ziewKdfOf9Q
WPXJRml4qZY
VeC6P-Dwl6Q
FJYEk1pTLIU
zvpaPpPrHio
26MpojPtRJw
iQ2LhuRo70o
0Ul-coWNFtw
Jq8DbdwPrCI
RdcxuI3-O3Y
iYSD9SLFByY
CntSHGSWCfI
Mt6Jt2Enuuo
CqtX5fPHaGM
uPOba9Ab79c
JLlXO9a9Cgg
jrWa8qjHdwc
Ezex2MJGT-0
rzSQruPTf3Y
Ve66o4zeJMY
-FfhEGS42u8
duPvE4sRZ6M
s8Ux5seGdAc
lDXXrk743qo
SRUaDDMLgDM
wIGPdn3E0V0
sJbtZcIhzOk
JeBrWPW1T-8
rYv20h3JMgA
5pabmR5g0fA
FTiX_eKvT0g
pJe-zbua4cw
uu8ykWgOWbc
u5G4muD5yLo
LTHVijptM8s
W5_pniShZXY
ha1jXdK53Zs
mra0csdjduU
YoR5q527DiY
UEmljq71Nf4
lrhCfHxVy8U
cDBHPJNJxBQ
F0OL9H5Mgys
S1TWc_hRFtU
Xjyfa-vbUaA
_9MNG571sqc
lnDKRGltDJI
-SdcV74KGOc
Ec7PKLR7k6Q
Q_oNyMxGlJM
z6rd0qUpbQY
IZcc2MWuJ1s
jE8PTRm-yoc
oW-OMSGqDzY
claGvwo9gxY
GOcqTswwbFo
7wiBXCyv1Ng
8SN4NmKZEMA
9Py1JhdACzI
FpdbcUvZ35Y
NMY5xrLh2JI
v_Le5FhNV94
Bt0nVl1Nlj4
3YrIqEyBVH0
5xbr32HYkt4
3BSl8qp0AMI
D50DMzBSX7Q
F-t0kdPzf8Y
V1sjHb3GkLQ
j5fKXpnVM20
uiYBOboAcAo
MKmrDN4gdDY
kA6eBKvph_Y
r1hv5P4SwbU
2wPIng0hGxQ
Gv0_ofXSUUU
OWS4edKmz2Q
u6OsvYj3Cvw
9GG3zZiEPeU
-VyOSI-grUg
6lJdFvHI25g
10ZOR-nAwiA
arJZ3eDLDoE
A3RhXTxwDvA
fmSpQq60-Ls
4n-EP1t7jpU
Abm5nn8chKw
bouIQQZwuu4
e65jDjZE4lg
F9KS5-6jjBQ
b_yboxM33gg
ib6Hpr79glY
vEIS2JUAQ7Q
Bw5tdphFpfg
u4-M0EFMIcU
6r5T7_CaEQI
HR5Fdju1PYc
APp8EGUTmgg
YXl6BOpgh0I
z5oZP53-WKA
bXGZ_wjk_Jc
jtHnIX52TxI
o2su32xqmFc
8Xdnu4-h03A
0C5h_06g9ZQ
0a9f9hKSHC4
7lTtNxS2X7E
9XHhuBsoEzg
urReflS-2SI
MoxS2xbMAtA
lZAmd08F-aU
9-uP9WJ5kIQ
PxSjXX5R6UA
T69pegkcw4g
2ZbmoqvRieo
85epiNwrkcQ
mAYXlNR9I5o
tcdGlvoTV8c
2SN4m3m8wtI
36Figw6gKRo
JOz7oHBqLuE
cUpf8ouJVxw
2rHReWgvHyM
7fbC-9PiN0A
A3N7rPU_1ic
W8NzmWsXc-A
3Ijx5gasI1g
_nY6I0eJUJQ
uVXLaHu1T84
-0eaTDo8jJw
QmZf4DA61Xk
xLRUPTX3am0
8ygLNOt43So
FyRZeemK03s
HIgTdktRjsE
ta9e2kjqsPE
vBP9xNQIdE4
KFZPyDZsPDI
l0Dg09mJX7E
tsusFzUqVCQ
BVlEYS2Zn-w
BqEiGXgzs8c
OmjfZEXXnIc
hkYYgvyVh70
B9JqgieRQ04
GBzWJlkC9h0
WZr_9HjR4N4
m1K7rPlY5_Q
MCucByGEg5Q
OoSYbWUaiMw
Pm94XII5rHc
uy3cDf_nrwI
8oV2DWr28Og
hYYMsCWo1Y0
tgi6hvtgT2Y
KRh4MtyeCF0
9UqEQag-Dr8
FXKpBeeUNMk
i9IRNQuxafk
DBwecsh3FQc
NgwSBEnCyVM
1uJlOJXptSk
a7pXDYFb6SA
9Peqt_0wen8
vtq5H4UTzD4
oJashkDNW90
2LelYY6A-LU
Y8ocTYd8m_w
8e-YnV1cR9M
8mPAKMCEsWo
MPAEc6uCqiE
MUZbuPnUpCk
O3qTJoZqLYs
zOC1adN9_sE
bmGxzmEYerg
S_dgDwxOL8s
U6vhnTahBKA
BtrmTaH3J04
8masYWxQkRw
H2xUIaQ7BTY
Krl5aA0h9Zs
iM66ywg53YA
w8TB57l7Qyo
9PwTgpTlJBg
OJGWQQelCvo
QRF8Fs_xlP0
2h4PNtpuc2U
FB3xZ5TT9bQ
3x4rHcmDSgY
4TQKC5byKUg
JunYh952Hpw
fzwAr8P2KVw
sNd9K5cBGtE
EeL2rc2uUOo
iXgxvJKL1q8
4b3d0rkl0yc
4S-6d99n2h4
7cF88GRf1ZU
8g7K4RZLWhk
No4A0r2lgnA
lrwpOunMaxQ
YIyLj2S2Ngw
4KL5KpszTto
9TafasCOrjg
D_wxTuOCsUQ
8XujDOBVQws
F49Gi62TMY8
6tonV3Gzm5A
7wRWN9i2tAA
Ih_3GMsL_30
vA4_Y_3CpGY
swzogcjasNY
zORC2SAx1gc
JfctbHsQYg8
fCimXV4Iv1A
9fkikPii7AU
ZfrqlWn80kw
RSKJmjkMhJM
C4thtYDf9S0
ZReDKru1aOg
OkoCZnDBNqQ
XOlI9OjQZHA
XyXF_LffAM0
18UewMPUIoc
CLMu5YCR8_8
D4QC-hZ5Xn8
pPzaAks8-0E
EKoRAWTvn7Q
H3dp136PA04
FklWrF2pM1Y
fyPMQ3Qwiqg
vLUgUimGJx4
K1kwiEZdioY
sfhencHUQUM
ADxS_m7Sf0Q
6vpb_bennME
9RKOdbnd72E
PAMwRjrg9eQ
FVLdjVkVUOc
OavhQFEgtNM
hyiqgZSivJQ
pwEZLukZwXw
gz2lqt4xqOs
M0Q8TK7_h08
K9RgfMqHbuc
QlP9UE9jUHA
dTRBMTlg6_c
MRq66VALkLc
2uuOt0P4_Ck
Qa_CQPdPkys
qiW9mQ2YNyo
EWVWmyEzw5I
kWImFZqvxyQ
qbqQdwvjf7U
B6IgMdsZHbM
CfBhk-9OcrU
cZFhjMQrVts
X8J0f18LLhE
9xXrN-w4-JM
BxwFAL3jDmg
Q4F2oSQ8CRI
_-DRhUDK738
ute7g2QxAO8
J-V5fl_yzis
lrarNr3JWRg
1Zt4agbW5D0
HxPzll6J7YU
L7lIU0vh70o
YQlhm9xsG3k
mhhXF6EOtoM
EAdETHrrli4
GcJjQF5NE0o
mTUyilFkDQk
wo-KvGtfPFE
WhWxPyVSE-Q
brEU5j4IsxU
0HPRqInOoM4
yRbKLJiwwyM
3TVXphqxrOE
4D75CNF4Lwc
N4HE62hEA9o
IgDQ3J2Dk7k
YFKOhvUva2Y
iBUve3TKdds
z6Nuv9gJbbg
VFOQk5pz2fo
cj912R98rTY
f2ISlqI_-Qk
Dq1ld3ZTvBs
ELmdFELWwNc
Qpklc42aDsY
y3pQrJMO898
roa0FbbqWtI
qDWOhsPZr2k
PMch_grUggQ
7VaBjGKqxWc
0UKkA1RXRhk
rHrNPKkBUBk
4EffyGS5UP0
SSh3FCstN74
aQUq1mLwSBo
uYd4jfBAJLQ
7cfaTm8Lk8I
9u35csxd_1I
FhGQsNahbdU
Iww7l0T0Ncw
UcUMPfs7Ya4
aUHlsbm3JY0
md-S39Wt0E4
xZMeyglODzo
rUflaZg6XaE
j95JFtcbwFA
1yOO2uSutTk
BNfHULeWJRc
I4mCdwcxYsk
ZvKMchSgHmM
dWXdZUKJc1M
6XQpX4OU8Sw
FTQhojTOCzE
XnpenYfARAI
y7Pc9vOpoig
yCcmjsEnCOM
Nx3L46zXFG0
Rr6lgCXW-ws
CTWP5CPgXP0
IKql-bMAqd4
ie84aRzDkoQ
hmGTIrqJFrs
w4pj-IN07mY
Evj9J2BLJ0w
Smdh24ugl50
mclGf6ld0hk
yfehJa9Ed64
5T_k3ImNJbY
Gi--vW3wJDs
bz_-RYESo3k
f34PTOA44k4
lLyrf9W6r3E
wPr-y2Y4U6Q
RB5CkTIxsOA
d27ASibGMA8
tfgZHOy6q2M
PqqyqNSXXAg
CQ9nbq4jbL8
f4mCYX7OmL4
KTQxlkvstLE
nNcl9Z5T7Ec
BgbJ1V-ec88
09MA_auIe18
yLo2sEI7vLY
wPjxFnNvNlc
qcB0_4zRnxM
liOfg6e4qWg
4hj-JpYDtmg
9pv_d-evYJg
G-IgQhQX1dI
btfp_51YCtg
5VGn7UZ_y1I
EY4e3Ybw9Ac
HLKgs8LJ3dA
LHSQ8OkzQks
aiedxklETsE
FvoO3tGKBNY
Qy7CpioPicg
TxWnIIF6RlM
ToOTCJwn7U0
VKjwAm-Gvwg
khvJypQnwqo
gpStPNAB7Cw
JMYi5j7vZ6A
U6uT-pA3uIk
XfXih6OvcAg
t9mgdl1Gh6g
8Vo8DKd6gCM
BRo3YXCvgPI
FHAA_1Guxlo
W_LWqD22ukI
qidJCJXIT4o
2UwPdgJf0H0
VF0UD0GKivs
ahtjJRjdES4
lA4-fmqfMjs
oNPNW1XxUqs
Yw-CoJKE92A
cInCJpHFMAs
jB74qSaIXdc
wc0EdOk-jvc
tYger4tgaww
ewFZXscPfaI
jNeArQKeUkg
pnmaYPewyB8
2IKH0yVcQZA
DoAlNeRV018
Y8gwtZ_2UgM
andPbFPjnK4
3S2D1HSY8yc
5hH1ikosx6E
828Oaej3WNQ
9J05_5y139I
ERVVutJN5J0
H6bR5YRhtNY
RUujT_coCSo
Be3XV80AXak
FkS2mkX8DXk
faDkPoKmGaQ
0STxRi98fnc
HFa6zknaxQ8
HppXtjVNAUw
QH_9zmKmj8U
dBzyJ1XrF_w
s_KiXdCkc2U
2y_HCI_F63M
6kgj1nvICJM
8543ZWfFidg
CjDE4nB_K58
hacWUzKrxUM
C_hym_qz4NM
aZlB1pSlwrY
plQsLodHv0M
GtMxJ1leWRY
j337hH_fYFk
kRGupKJ8Hbs
MkJuTj0cfg0
QJmwoodHQEU
3eLMk9R7AC0
6NUPngfHkHI
9Tb8OqfWozI
XHH0CGNoMDM
MC1-db9zldE
lhDd288JhBQ
cT6M8FG53Qw
vSXi9PTh96w
fS-45OV9PEM
wMyRjES1lII
BPESdvk-cOU
GNG6ZzDh9C8
Khm3iFsTZu4
NLlXcO6V06g
P4QqnuVopYQ
n7KommHWRDE
ivMoNhjnhqw
pmThYbzHbsg
sMUxgvqYhe0
Uy4f-7kaSa0
KHxQMDhFggE
TRQJU4S5BKk
by0tcQiIZCY
jIhoDt3qZp4
y5mvg6nzDEk
EpohIY_fhzE
JJsonPXKrMI
ufGFhWeljBI
CGO5A5nzfdA
GB78tVKLIi0
T6oUJZduc0o
ZFID_rgzE_Y
-g0xOJYPjkQ
4-rCAUAq7BE
DTohHXHxe7U
UtBYfrW6jyQ
jUG8MjPVqPk
J_aySytmBP0
eB6_VwhhCzE
-YLn1ytAnUc
2EM6B_zfOy4
qRQEaQAGyjk
LJBkOVRU1PA
tRP5b9mwqyA
2S9XfE6b_Jk
88axHr57PZg
SW3Z6FLuv6s
GAAqRjOxfuU
MXtXjzIHfdY
P-KjcOQPVeI
VkWZqZ7g9yk
_NpWiZJd8Tw
AiMyEDfpZIk
0eyJsN5ToUE
75fGNLFAoIc
q_4b5-mtV2w
Bj-4Q416C8w
FQbDljycom8
RCAvAn7GoUQ
Z6FDQ301Q7s
yPGG9UaZ1Rc
guZ9ihYf224
UETvxBYadhI
SLnpDlfP_8Y
16X4idzK-4o
G-plh34YPqs
ru4DGqYlHEs
aX2z_oe2JfA
zH2Z4X0DjDI
pYiRlpCn_uw
qZiUPLcpjqU
DmXhLNOvjF8
PAPR3aH1QWw
XbGn1X9BtCU
9kwfmS7ZOZg
-UvgCEtmw9k
52CdQ4XGniY
3awplfP2hbU
3esN-I9v9Sc
g_l4jswukJo
W8DiHTkxOB0
uPcEPAuA-DQ
rJNeOXsDtNk
qXTF0qmKnG4
nZtQWa0ikdk
xbjZfgbbmgI
v47eMhoNd4s
RUXYZs7rBQk
tzTVppeKAn4
Hag-qNs8YY8
JUNSd4yDTkw
wEopG-PEdGU
ikbsu0a19Pk
lRwniGa6LTU
t5YDo9yHZk4
vZA2ZeaRMZ8
MXT45Rdlbm8
UchjbGyeuYQ
xLSzreIigFg
-QqpmjBiYXc
zJni2GS1VFo
a_Y6auOeixc
wnk0lsfKTfo
2pr_FNl9fwo
_1JWY4wqpk0
v2Aak7sbXO8
iecHAAk-YjI
sxKYgezFFZ8
vHCY0nRI9_M
wzfayEv9dG0
aL2DxQHwoiA
6CANf2tZrzU
gG_D5UBS0Uw
N_9ySaTwNvY
gYdvYwtm6iI
vmGPfyPkbKo
ozLwZ9Cr1IE
9N4BGrxzeuA
2qYslaMBHw8
htEObEvAMTE
F0PT_vQXtZM
ch_EJ7BC4jo
gByvD2zrU10
kxMpLI8JnN0
_kSigGDhlXA
kZ3HRHidAhY
kiI7Lo0o3vc
zV4kML9eHyQ
7xRRSkGsoZA
I-0lfxHoF5I
1bTbv_o5Whg
oqO6JNnYn9w
A0JlDI3pasc
6OkZOxK8pN4
a_uR8D-JVNI
CmumMEAP8Wk
axLxftqLDjM
1obclh_YhNU
NBHhcALdMcI
eRlkH1OpXGI
omawt4Ot218
icCWSK_czEk
8WvbOB_3Nyg
AiFBtBLFsx0
-_ajL4bVyqU
FozCkl1xj-w
E010Eo7GaN4
wa8DBbEo9_I
Dzg0IBRyugo
mxquC7mBaLI
vuYP42aAlag
ELZkAOv4Acs
l37SWfuT32M
DljDETHPaeI
jfhV7uJDD0g
CIY8xMLvZDM
MSkJkzZFBFw
4coXa-oSPHw
1ObjhI88dk0
3b3tYqXujNA
Fgtnq_HWAEE
fraCtUnNgDY
prckh_FCkgk
tnVg9mYYKcM
vUbSXqRP-0k
1OOaNg9WBiY
9ctTmQn8w7A
Ba85WMUiG6Q
GfWuTqZNVtM
JwE8Ix_iiTg
MBBha-y3-B0
PGdDmWiw3Pc
eDPe-2yT_Bo
9ugC3TXSKoE
VFHBEl15L-g
kJjgr0So7ek
LoDnn2ZRiNM
UyKs_5TuiWA
g2iaGmXsMJ4
zLjKVTFFjqU
zfDTkmCQSMk
FrnfOl1jOdQ
Z2g9DuyFfqc
P8wFFGVKzbo
zwmHA5ZsmIE
Vi34UKdAfAQ
Op8CTyNiPQI
QWB2CgP7jz4
QzfvzT6AxH0
GcfvmxnsQJg
39xaJyARZqM
8Jmj8PcHXPo
Aip5Q4Pwcgw
3-1dPk0iApQ
Cfc8k7mQtOU
LflW4SfFup4
RdG_stTRV5s
l8pOjhjW8vM
vB3gtJG29TQ
f-DORsbu1xY
JWc4tfz1mQ0
ejCeqsyzEu4
H2Ksts_gT1A
52x3MIzK5rk
OTud_KQswo8
nw5j3gC2oAg
HzBVTvinOmc
UapXSpruEGw
G6FDVB_Q4Yo
NBoQ1YSyIfQ
czuZombt0KA
hecrwiqa_4w
xD7pdJLYg_s
Zc1gTiN6gqo
WOkN5O8r3ws
DAJsv-GmQEk
xXaDedsJQAY
r_CAu6OAv6o
Jvd-lwg_iNA
Rj8z9BFEqG8
D5kHykm3wls
1PEU7TrKfuY
dsz3-5GdcT0
AS_ugD6otDo
DSNZ7EhdpOo
zxBcppwPFuM
TwclnRO_z-0
fttk09usNtY
EqM3xvh0m-4
Qh7ePnztwv4
1lgsdO14WaI
2n7wxYxPuZ8
53vOyaEzjeg
8Vlf_3tenXo
FuMh6NjxuHg
u3gIOX79bwg
vpIfgc8PW98
fwV8_Oc0EuY
S4mDIb0BFOg
kwPb-dzd3Sc
PU2FolI2Lms
vG8xN-s8gI8
jclAjmhlNb0
bB6ZpfqOp6I
gcRtRUbKnfY
LY-7wHpgov8
9D3BzdN9ui4
RiJ3l8ZWByw
WRbaQrb3Jhk
CVw91S4JXDE
QJ0kjeS93_I
UXGajBWtbPc
wainHf5PJDA
zRdlVkb58ko
yBwwMcYjKWw
JW657KCiAzw
jdi8KWeUrlY
IZreYx82naU
2ghTj2tHU6s
4QJQxCoaNqU
81uifGujxWQ
ess-pcEwSlE
C9n3Xp1TfuY
DWl406KZQEQ
3i3O8ivsOig
VN6xmeJ6dKU
piVzqJ0GpVQ
CI3cJx5D9Zg
HdC7udb1haI
-3NkxiGVzg0
83ZvB9O8osg
Yrh8en86P7Y
rzeZcBreHoQ
iLtaYgWNCT0
eBCGn0Emb_U
IPj6yuQvBrk
50nCdeQcEjA
4GzJRH04PXg
jmKArWwmgHg
DVx7F5UGmpM
EdI8mSiIGkw
VTB3eriLqQI
XWbfP85ETkQ
bSz9HVK1usg
edkl55GYgh8
ja-V11xlGaI
mJy8zNWyWKg
u9EIdpNALUo
HoxNC_U7w9o
wYRChuFGYY4
JWm9wA01WlQ
JIe1SxzyOo4
6ygNGEeh9dI
nWqz1qIx0IE
gFFcejexR_I
DOolA5qgiB4
Z7YscSt2z7o
jZS5qDjJl6o
4Yj5Hwf223s
O5R6kNGcGQo
j9oqajgeXVY
uZfhvfDX2V4
hSsEoi1f9Qw
mcCcobczpJg
5zoARHhX6oc
SDfElVNLxFk
bOmj4Cf8ztU
-ic8qv-zFus
GVlBTpI88C4
7reqQMIvIJM
DmR9BYY20dk
iW4zLOPlz_E
0jW4FjQYt4k
koHyOkcV6_M
wsN1RScmYUk
JV5oO5K0yO4
62cBUG5VojY
a7TSOPDp6Gk
9uyu3Y5U_ek
E7u4Xs6cGtI
3667mL0Dlsc
1wHNDUY9J2s
yWahRnRSdg4
WzWVzDBa454
asfoUJmEKCY
3Dc05eKgDq8
YxuIJkdmhfc
vc74n9Uia-k
3CAEvskyJ4A
__zYtYgiEVI
xjAwNLejKn8
c1_AfHf_KO0
LsXdycDZ-zk
r4YA9CCzogE
yIZ8zUOXh2g
IwLIwIbffaU
Rfa-pjWgzNg
tqqiZdqBNI0
BfXfwOxRl30
Gtbc5D04GuM
JK0K2eL7VqI
RK2HkL5mJTQ
ikX7ix3VRb4
aOeu-4c6SdE
nnY3JLl3-ds
F2HJmbsNhJE
vxzZv2Ee4-c
zoawlasGENU
-L050Ifxl68
1phYOMj6JPE
GDoTFFhURdE
Z7JJbEMJONE
rTAEx9WDNKg
EhQtknEfXLI
Vfgh5XzmN9s
kOIoI0yNOhQ
xUG81ckry3Q
ZYiOuj00jTY
Ii845pDRC2c
PWESVqOwMHw
j4qVbVJhZaY
9qRABnuzHAQ
isbKpgTsO_0
ZE13P-Mfzl0
h88D9A6ycIw
n-NaJbRtrw0
raXyRWKdG2o
vRPbkeWVsJQ
vwKh5qCnGvY
196evfLvJtA
8Z9kz5gF65Y
LgvYz3xgUAo
lLx7L5tMCvU
7P9bMqzTAZ8
YMNOCBTA76Q
r_pKZFKduKU
JMWPP-vXzhQ
U0mGCxVTlp0
USHBsIjRaNI
XyHYIppHF9Y
jyp8lgb135A
W_IOZFa0XZs
PwwfT-zgAiM
yG4L3dVQW4Y
FGZJ5C1hZew
er5w_ig4mws
07_I9lFB2nU
iaawX1yUa3U
YNOyx_RILE0
gDFElOXpmuk
8lFMFY2Twx8
yFgKqLYaVyg
-cMt90HnKLs
-lvWAC8kPvs
S5uvHBySlwM
_FQa-bCpLf4
l1nmYqB9luc
544F56gAw2k
6Dc7nlj82_M
ZGJxuwS_5cI
ZhrOjQaZNco
Oc1akf8k8Xc
2b374Dy-duU
fKb9AbSekM0
gl3BqG015Wo
uogyqYjNfbg
7L41slDwayU
8DDgOxzmX2A
Lk2aLjqRC0g
N2B-1rAK9rQ
bI-Bia57nPU
lt7AXgk8f2E
yCSHAJGZ09k
6bg_4a2t3ZI
lOafYdkOV_Q
rRlD6rtJUOA
06MqXvaLaaQ
KgXFB6WJHcU
Oq_646gW8Qk
Hu37VujOHoU
aMROb-KOX_I
xC1v47s4OLk
8-oQWhEdGq4
9J3zV4XlJQ8
ByiqACUcD-A
aoCUn8f9fUY
eWByCgy7Q6k
frpbJ8Xel2o
x1NWbh53q8E
V1esrQrYIso
QE2qqOgevs0
zE96Bmf3fd4
pbUXfdUUEqM
YGXOrDxbX_w
rQauaEN6MMg
AntQ4GTgGHY
ZTyGP5hCtBQ
zvPI98mf9Rg
9K4pB9waAmg
McUdRQNJxlk
txhlr7IUVLU
1G2xAfHyESE
bGZUbGGzWFo
yldngzMIiJo
8sYvUhqmiOc
Ww1jwpsiwaM
WDvRV8S6U1g
1CxN-sPK4qk
BRqUIiQjjo0
FDAurfqXZc4
LcZpoDXDQuY
N9bUW_fyN5I
VzT4aS4eRNE
YqCMt0PMyPs
jXq9FrENdjU
lLx_rfrgKQs
80BE-sNaZjk
s5OfA_0Wjuw
AXITUMWEiTQ
KqeJaORpRnc
PNT9jATn5bs
Mx5mK4uJHzU
Cvn1gXrcoYM
N3ysRgWgBFk
qllUDNKEhAA
RsffYpV1nso
TTVYQtZnW4Q
_P_0cx7lQik
y-id1SOhZC0
tfDUQ5O2w8Y
x3dMnyYw40c
ZvyzHyiJYSM
bncjswefp6Y
0QpKLaCmKQM
vxj1ej2S-IU
7dXvgPrmC68
8YojGkkAhs8
FMZFitVUw5E
i8HyfEZ0T2Q
96B8_Vfkxmw
HGqxbdLD4M0
ojFfFgcBQ3A
pHvp_hFFY-U
xjs7Nu3PXsM
behsy2owilI
RGNWZTFgaqg
8m89ZxB4-UY
KFDngVmNFFM
w5o-zqII6eQ
Tb0AokjhjTw
YKXvBxPawZs
0A1dTRCe7jg
1PayXEyRhCI
8QiDl-v0GHY
_D78fDfuHPI
9H9vF-Wlf6U
fKISlSd0vLk
ywMQFy-3bac
AnBojNTDDvw
J9GxvcIMw8Y
UDyoJ_5vpNI
6MmuBQjuttQ
fOJBbn36xh8
fLxKLO0h7vk
8iNUiMnuDV8
0NrRzMRHg_I
XMT3JVxn6OE
UUap3jEbP2c
j4uKfTxbhr4
J1tHBPIASgU
K2__fmLMXCU
K9stYgYnUqc
p8W7Iht2XYA
66qy3N0WiSE
GLBMIuhqgEs
VkUyZRk-IWE
ME40hYMphjg
11CAKBKMfG0
9Tm8hXdO_2c
gguBiaL2K38
x82_yXchq_U
_VkX0p4fDLo
el5RWp46sV8
fX2ZtMAlizs
Z1qO8OvN3x0
aC321k61dcc
ettAVM-60Ik
w-zw9bHSZiI
17Hy64LiZ9o
yWvzJSlEX-M
3TCHMAHMhZs
Uqxx9EFK6u0
_b5HsGSy0Po
3YOD_fdrnJE
APWpnkWMcLE
ILH8cEtmuvM
i9B5L-grCV0
3rReRiLZkGo
7hMCzgyloNo
UAsQgZe9vYw
3rZRhvcYQcQ
6KcdnMUGrdw
8oTWg03swE0
H-P-v1WEHBo
kxBSuwRXynE
nSU5iRZFMCc
r7Vg8zD6VR8
1jTjWbRe_y4
QReeROFdNqw
hYBzA3OK_u8
Ox59oX-fEOA
_WD_3cGQ0wc
tRafKxFKWnQ
OnEjzmR9Hvw
OwJooUSDah0
5GoXVXpGGgk
0KHZtAb_Npw
Vgok0Wwl0eE
Vhu5GsaSGYs
a0s7mPd0h3k
raX4BLcPepU
04mYjFnY3rA
-JhBxKV9JoI
Qp3mkNHwKaM
ksuBAobwOE0
EgOpLakx4Kg
1INMQqO9hB8
jGUUo2K5KnQ
hc7pJzaOsts
iXHdgU2Fqs8
9ycJd8f2_Rc
rp0frvfG-vw
2BcoXCD9rWQ
kEIjoxRvE4k
goZm_zKByis
aBoIsqwusuc
ZGtkfEa3h2g
Fe_3VyyNrJI
adjeLofm3gY
6W73CJmPCwQ
oX5nz7aBH8E
AMmCHdHu8fk
SDglm2WhsrU
tBjXX3XJlYA
zmJ8eFIlbxs
Y3dJpI6eo0A
vCs1-f4aDAg
RnA4nvqPOEs
k-E54IeY1ls
W8WkukMityM
mlSwQZwIwCU
8Be4s0n6Zhs
DRS0IE6_XOw
Hr5YG66TdZ8
3G6K2FNLSgo
L2jE3XaFq_g
CNXOTp7dsKg
NfdSPMqZBDI
TAAZY103h2Q
seoFN5bCdL8
Hy87e4zMNdM
XFYbmNw8iGI
E8kTPcx9zok
qIzUH2wuJRc
EVBaw8CKJG8
Pb2sA-B_7ys
bLPw6ooH1Es
eadYtA_iWHk
qxMpm1651Rw
xsP0JvuuqAM
xiqTTYoPiSA
Dv8hwYKBHgE
NSKGWR81Odw
hOGc94UbQNA
6VbkyDRC6Ws
3iuzGE9Lp_c
C0owxiOxAjw
Co1lTskRXd4
PnscsYOCboQ
QutDekbFFvI
cEZykGGJrqY
pGALCF9oT1c
BLQ0c3ctQRs
RTUwjLj0xsI
_lvUnSngIn4
5nHwFxt5IXU
9tz8m4MC6zI
b_SgChSpKbk
doCtVCN8ZUE
H93LnbpHoeg
JkwuMt7h2vQ
PDB03DqFNj8
W4okdP4SOiw
blGksZNoWKw
nHHpT4pWsKE
ugDEGEWSTlI
GAx2Gjb9yqc
p3TOMUbDwHs
p0-Ax3SKQsw
4DJ3umVwEFo
PkmyXyb04gU
Rayu57jjSAk
6CnKWNGWXXQ
H-ZjbDNbArY
YSKcj1KPbXI
bE6l3LpqTUk
hfV2TMvcru4
nvbJYAJdYhg
qBxd5YVSg_o
qUwU5VMXw64
s0GxZsjlnY8
Zwbt-J4GrfI
AIWtVSwwhnY
0Qk4Iph37-k
Nv6kfW8821k
tNBwSEvggS8
kQj5kDVWKMw
lkqUay8-Q2o
mhympAfm0TY
CmE9Fhe1uHc
LRRRxDChRI8
X2EM4n5Z3Ok
1juJRBPkfCM
6GjVnhY4VQw
CzGogt-m7Sg
GS6a0uIlLSI
VRWl-D64BRU
ZeLUVFk4vJo
ZgCJi36qgpc
cpyki5O62gw
ZNkvRs4op5U
RFFWgGoh0Vk
eMGFQcrkEGM
cEOm2id0Ftc
BUx7VPkvp7s
2Kby4MlrSF0
Cqd47meu6EU
fHAL-XA6YDE
oSuzJ5jqE8E
Spw848-wnJQ
jLyN-hNGIEM
BXoq4p2dIGI
aHPuAOHAn2k
y3qTEXwLn_I
NydOOAhTOUI
yE6CMUC8Y4o
yehQmB56CNc
VHgCnYiEWMc
rYS-xxwYVJE
NmxhM_lSXMc
rlSn9qRweBM
6oZH4_3G42E
D13Q3kngrsA
H914hYJVmyM
cCfQwJy3lwQ
f90ULqPAQzo
jHrRjQUkNNk
x62YLS2DXpc
_GrK21EuU6o
fBe7jMmRsqU
fvFyrHVR8Bo
3hUbTwOErTk
6bkMGOJc0Nc
NU6UPU2eVxk
06ZiNWMOzoI
FLpZdpTXTVw
xivXNQPMGHA
10Fa3RVIoIo
wqgDn3ZJF_g
E5lw99B2_eY
v7wlOqhouf4
ks_iP_av--4
q1B7lJCemt4
ZhWJa8GwBjA
SC_7R826p5M
FEzPfN9B_QM
KU-C0ImoIZc
cisXpxfwRUs
gAo8xWSny3g
-XxkEypXIJs
wFpsw-svuac
VFns39RXPrU
k19Ipq0TV8Y
wm5E5BLIAik
lduytMkf16I
ugScpi-Knpc
cGmsCOarPIA
9IZtpBg6yYM
YHLAgNCxeP0
9la4qXjRMyk
lwb3xuVDAr4
M5UlS36OycY
xPhL2ajffpc
yJvI_sSSsW8
0UKthGvQJHg
1o5TrUdNlM0
D0j2_hexAGI
FLt0akDJCjQ
Imud8xaGkmo
ZRLcJKUDZk8
gV7toUm4tPQ
tWDjtF7bfp0
rYTHBEeCZVQ
7rRdzkHG7LU
HH1moqba8lU
ePsKcCgKBS8
f-MiylQifek
gT_1X2hvA8A
s_HGuu0s32I
JnKyGoGLSfo
wE_O5DbVFFQ
h1Ii36VhWoU
xYdAtsNq3mE
YmisOxx4GPg
N-PeO8-eAhA
466elgedd7s
O-m6dYIUTHY
QyEcUJTskYA
485VGmwu8ZM
vX818IKngYg
pXRnNyUnq1A
iCzdX3OWNEM
tZMVKbDfuIU
i0UEIRbN6to
VsYF3lkn8vY
5SELYbHrA4k
LLOxaBsHq3E
VByV1rDDETs
kXFiO7igMss
cjfZwUsbFKU
qgHmYqg1U30
cm6WAdhwX4Q
DBhys8iFg98
QZM53flcOP4
3OYZXI7h4uA
Sd_bqExkllk
GS2ZKw3G9-w
UzOolqIYnxw
PRM8AMrqqsc
V285FBT9cAI
WfC9zUFIXdI
XIQ21zSKZVQ
39hMIgshgSo
CnIG-i2WCfg
UsL9gpvbWn0
uKffkHE2dac
oWQM8ejWuB0
Yzrhk596mZY
_HRhHf6aZuA
gakDodJn5bw
XxsgXH2BjrI
EYc6tFr2R90
Gj6qMsgwkzA
B9JQ0t5Qg_M
9LUm51Z-Ii0
eOc_QHiugkQ
cZH2zVMU2i4
-Yn9dXRFT4Y
3a19sPxxC2g
72ZYtC9RuXM
OaUuN-U_ulk
_77aYhtv7oo
S3gMzyaS3Sg
xLRSvj_RypA
AiU0_YxMuxg
51CqjJWUNS0
dBoMVxCzLPA
2xackTv2Imw
8p8OapOR-is
bxaYxbOpdXo
HSsoFAaK6cc
DTxXttUMiPo
URpJt2GR6S8
I6MraeRaY7s
TKZ2PKQ21UM
JPctNdm02Xw
m4WsvZO5qfE
qCnaFLydb9c
thndZ71oWno
6bfEg8hjPSE
YL4MNjRpiPM
_jIQezcr5Zo
xJitwGYWv5c
L53HjhS80lQ
PBvwc-pz3rU
iicSsZd9rCg
1ENDLNa9DWY
ThbMmAJOYzQ
zkGiSghw_uQ
1bVoTcpAbEg
p2G7buZ2JSg
9J-23WIFNGM
H4MPShprVQY
wDzmKi6-pl4
WIbB3g3tOXs
rrO21SPR3-k
hp0g__N8s-M
v_ejnuAy6Ck
rR15EKRlU8U
2pJARY8zMr0
6j0YtHscG0M
tyTIWzJtsdY
-IVLMpXhC70
i2rfoMV8nLY
5mb_94hIrTA
MC3dowOdfZA
MryBtDhl4Aw
Q3qZrd3V53o
qCFpB_et9No
2ZbERkkPlCI
o-0Tm_Ubk_8
OL-StDEcMRw
GtEIVLTs8MU
HEMnFaXrgQU
Zq-BCTrdTb8
RYv9hLjVG_M
i90S7tFsgBE
6LsTE9InEeA
l_04asUbQzg
0JXH84HhivY
mqL2pIkhW2c
-gqUW1BlFhg
LGBWlEbNAvU
Dgxk2qU-w6c
I9D81jUg6rM
Tmzk3FqiVRg
z8FMzHAuthM
qU6wis5kzkI
Dc4qIH9PndU
QwM2lVRbvcQ
WTn0TGiYM4E
ZCuiL8yyIKc
hldlAtlVjh0
odpq1vjWUXA
JJwUd53-dZ8
713IWRfj6Fo
0uiYQ0OA73A
JroeteV7twI
1_ZsDBMPQMI
XRk4dR3-Xio
yrTdbgLj4as
D8gXNEbdxf4
NEYCY-xWjKQ
pEVDhejluHw
IHwmW6E0BYI
PP53XAWbW9I
7-sJj4SMFxM
7bbnX0Cn4ys
P2CTzy_4CBs
jT26svD5ZLE
V4cao7_j9Sw
X2utCTvqlVI
7cApwrgG_UA
Td_qaNy1W9U
clBXvZeneWk
lPCsSUMZ6bM
lHwezsdMzg8
MWcBFSwTDl4
Ek7KIIh6f0c
sGj17SXQWao
Q6netar5kc8
QKjEHDZ8Pz4
wuAJrOybGpA
vyWOdoLTqTA
1eV_dEa6KY0
lro2tqjWjCE
myy2PQne4f8
1nm1jEJmOTQ
DqjUlu1OVSA
dEGwXoM9t9w
hRQ38VTETaA
itL2SDR2klg
qv4Frql7QDg
ytRU9IAPiHQ
AgODcBNqOsE
8JIQB-nmQjQ
iFs2QpUj0CM
mA0KLB_5VV0
Lg91cT-Dacg
BmqLueP7pzQ
7xsrZwDa_Zg
Xwc71JGRlCU
8VixyQbZxgc
bbQkIu1MUUM
yGsNzRhkmsU
0NEmgA2FlO8
qHCOvRfLq88
1jqQ-_Zh7kQ
aecGqEpIXFo
iRXyCwyicLA
s4GYZvs1aKo
aqSKLLrMZI0
fHu-IbAkE74
gMP_10lPIh8
n5ptHumXFuQ
TucGdMXGzWw
wdN1JC7eJxE
Aw53IN65Hcg
V2cQfpPm2Eo
fgF2SfFaEe8
B3ZSqcCR5Hs
DvUM8q21EGs
ve0O7GNJx4k
4umRR_iDWsc
6tHb_GoSFeM
FuYGZhzCQyQ
K_YPWxjNO5M
V0jyKpKo21Y
jCPfU45L3iM
wQGZPVMsZ28
wT3RU6qdL5Q
07w7bUPIcjU
60t91tOtcZQ
XfpJsLoM2Ho
d2m7TWJoh7w
juVlTv-BW40
jzsb1Vvuiek
zJ4x2JkrCwU
_vmZOSwYnfg
-tD9mFkYpsU
q_oHMLtPJN4
5OjJ0pf7N7w
XwUUseqcZnE
j6gmqC0bk_U
LWog7IHtMdA
JmRDEvqDKpQ
GmJdpAFGlHM
DG-66Uhvw1c
9-9ub-we3pg
jfNcwt0p4Xo
A-UK40_XkWw
Bms-96dngdg
iPjlPNEeSfQ
We1wlYOP0Xg
ahNfpMGqjEE
hc750bJ373I
jlmwGQXNVRs
oFnUveIKL84
znJPn3FSFmM
sM_tqQNJWzc
Oxrz1d-M-2c
CYPQeN72LuM
pbcq67tBjrc
7Vb_-rMc8X0
iYk4Y5a6qmI
mrx79jUojbQ
IMWK2x-NlM8
eEJUGKdZ0cY
doMD0f_OUQI
9Q6DBO9urN0
E_x7reLMi64
F0Hdc67RtuM
TvKJ6pk_KbM
eWSUuGbv3MM
p1z6_DAZ8UY
psFfHD664L4
sxYPwP7sO14
91pmIIah4JY
v63WjKVHh-I
LPre66a7YY0
LWO3ZDigk60
9whUnYCxLyw
_uGLoKPuTdI
oRfZTI2R5hI
GsKTNJZUXHw
zs2423MDAbQ
M8fRdn7HMkc
0079FY_D0uo
-6yb9E_r1Es
4iHbaR1kn1I
CGbFODmhwN0
GjDJBf1kkKs
PIc1epy6m4U
WROP6Ee9AE4
n67a2_UHufs
sA7U75h7vpI
m686R0Tvx00
XbSEyK7P7-s
1KH3lhJheVI
yf1AOErOrfg
dY8LENToxhQ
ZFkSWyxCO2U
IeK5ZTMUkzw
NuyJ0pmEFjQ
5gdmeQLgi4k
5Zi7FKyk_0U
CPaOWiqqcgw
kfb3-sw8p0c
9TWHdDGQbX0
TIvdxBRoB4Q
tZfQHoTr0zM
yrgEwOO6fB8
yuG9nZnMejc
RtGjdTIyYS4
Kl6m6wRUD6U
18NE7ZJIIos
sm-Gl594jYc
h0yWRX0No8I
tVa1PHY-N58
f-MFkDRFNg8
VKM0wckKal4
izDdUL3qCrc
VwvOS5kxqks
HSO-F2mTqyg
FSHETnVt2BU
-Ji_k5qu-WU
NHW-erET8o8
3s2pF8RlckQ
Bhto8OhjaoA
IH5g2I7_DC8
wYEscWixDuA
Mk9_B6yD1gU
awTa6WeQt2Y
5WcHzAcqUe0
ZHEptjSOwVY
1SAva4_qz2I
5AX0MjD6-Vg
Rn2F0_xO1vk
TpfQmHSJzoA
V6wZTp466KM
Up714ICUnXM
XiyeksOY-Is
ZzKO9WM8-n8
eFjX0W_urvo
a5A7UY_8je4
JrZqNvYoBXY
DqmUzQD5WYU
kaKf_L6i1h4
8jWcTdo4PAE
B8qaRe2VpIs
HOvOO8hJCyY
pgQf8WhlJa8
57YouC6sXVQ
TXIVMgRjVmk
P4DGa0cNw-0
B4Ex8SAe76U
GDoenGQByn8
1izXk0IkvR4
W4qUKKoTrZA
eSOAAglEA2M
cR8w0TimOCo
nJslKnxo12o
MUR7hQjj-8A
G-Gj-I8HHQ4
vOs6wqFrCcs
FnI9CzOWYG8
USQUR3-5JSc
VoRqEhvoFMc
lJ3zyzK_bXc
eM979ohg1c4
p-2xFI0hPMQ
x_46XZZPgtI
ov8f8Sm6nFY
k7Kl1MzeK58
kZ_9hQxYHcI
pICliFqVRuY
uG96VnIGXwo
SWUew9w0g2I
8jLpJg5eTSc
1uKG3AIRGQ4
z_30JkOmkYk
mytNWh74m9g
0FmHqjx6ESQ
elVnBsec7Pk
q8rnLBylKOs
s-94l1QE5Kk
YqzRRE23mxM
vewjKRorasc
k9d4ZWiCeUk
qS69KNUJqko
92D01b97Puo
HReqKfc3w64
bIXvuPmgtXQ
8J3YWn-0xuY
nZxR8g7LSFA
I-pWtEjef6o
kdGrNCVfhdg
mnBWsIT_Gsk
l8GrdM-NaCU
8NelQQCVwWM
XZbbchVuJGM
DlTOalyFDto
_wE_OpaBfVk
peQ1lMGJ24k
qciX-FrN3wc
vn3G3f24DJU
f0aOOdumDNo
4LWdQTawC3A
FiU7q0q4W78
NqPFxIVUFxo
TzMLvVI5b_4
dfQpRsqdBRw
Ys72DpVbV-o
rXZuYvkOACo
nR-4BxDdxH8
t1AkaXTAdXU
-hcA9beWeUA
0nYqHc5iVUM
Us8wwKj_aL0
jq5oNj1FvW8
BL_EQgVmvKA
Hpa9XXGZBFo
LFI5N7EISZ8
OJfOP4qgxWo
ZTxwOcKx_rI
eXjz4gMeg2k
m2CAOkPF2Dc
wJYBxiKzlIc
n9PRvDks6ww
qHxTag6t_qE
RNk7LHnCeEU
H_vES37ghfo
xWafvI2hi1o
sR9w36DBrf4
R_BejQo8SN0
CugfpAsHtP4
I1iJfyjFVuU
dh5AVKuMJ4c
gMOW6qSQyrc
nRBaF5r0XeM
CSyZOX474tA
MXv6Q2fH0aY
F7e4l6ySapc
VwvJ1DeTEOU
LLEHxorGxKY
Rd3e1qB4Q_c
LDW4Zt2J-h0
BUQZshmCKlI
eKy-QC6g1nw
GK11akBkHSA
vp2m4Et0soM
buZ-bqDixBI
Mr-RvxacAn4
mAiwoUHKl8A
RN3FpdoWVmk
iGeIElmCebQ
jitdzy5hz7c
DqgejWnHs1g
xyuRIt7IDxM
kzjJwwd1Htk
TWS47bm-CBY
kQvtlmc7c-A
A2DgwB1jBRI
GL5cJt6h6Bo
JR2FBkUqfb0
Tbsd4YGFf9c
Uujxm3ptWuU
VzPZaivmjNE
boxp69dDeeo
ot3nV6E-sxE
LMsPS0M8jFk
D9ZKlrwgL90
1Q3YAe1uzIU
Hvuu4XrC6n0
1AmjkNc-LW4
Tz4dI5IZo1I
VWSLj4RHScE
lYcpFkkVajo
fyPTZyUHwto
jCHfBfO_oLk
xdTS2ljRYEE
G8QN6X2eY4k
-n1pHHNYH-E
p4_V5Oz7RZs
Jyb2JhysVr4
ozx6JjT75a4
knG_5bjTNRY
tqn_gXiNzOQ
nOqyIJvtTuk
XzpQ9XH54cY
M_4fyn_zsMo
k-5KPnEUyq0
JUKUg63EExI
MS1869mO_hc
OE5-fTJPE6k
OSv7PQgdbmE
Z8Xg6zb64q0
jVwVf0yc1tw
KGwZYkFZkTg
KKQfuWts-0E
EmZDKmoG67A
FvNHhkEJB9g
TBb4Yd8xvpU
fGenwfzJJyA
jXIkU5HVfOo
oBT_6P6x7Ag
wl7OvfS31lA
Cyh6wFUbd3U
FWizDhYjGsc
mbKMyCSp9e0
-o6fks4vUUI
qGuRIGKRkxo
zT-XsQ3FAlE
rcr5tkN02eg
2UFr7aI43zg
c2tYGsEp644
-Y1WVvbqqB8
a6ruHbUGImQ
iYtJq71CMnU
x9F_hoAstVk
iG6wwUJPbHg
XV9RxkpooBQ
2AqPJ4tEe54
hl9SBJ4JsAw
7fup7Fcs7UM
9w7LUC563EE
pTMrsicXCs0
G3HXrI6RyfY
vpf4M8REPsc
FlNAw_Ej3hM
pD-y7AQmvxg
TRFM5w7nfxg
tKDsgVvz_gs
lNm9pNQEAgw
cRlOV4NH_Tw
3_wLMssVUFM
NATlmBWrjVw
X_pOV9PWMQI
GXE8FxLeBaY
NzqZzFcmvaY
j1sKrRdr2Jo
tlHCrUpgUaQ
0kllasiG8LY
3W42AGO0NO8
sc56yc1dezU
3vBTmyCDzeI
_Wx0AJ2qIj4
hYIA4j-5cKk
rKIbD-GVhM0
xWDuYNS4XP0
-wQmgtjQ1cI
6TbuoJdj8yY
EfM9OdmN5L8
FbXb0zfCBO4
Tl6bhREpfgE
koIG_8aOpbI
HotD0cAknCk
6NhBz3V_Vl8
d-babgLc9JQ
0oDAUWmspaY
rvP2LMy-63s
WMXODhSA_rs
SzKTbZhjPxQ
iesshM6dSII
26hwKz6El1A
5QGAzSn5QIE
ucB5itm1EbA
qY4eJ3UyCAk
MaVksui_3Mw
G9WveUFDWTI
_GT1Ef22WW4
4kZ0i23YwY8
ihpdKZf7gO0
_FI7rWBVZJc
lJMuqSuuXdA
sCo9a5LtKsY
Cx6SCXlo_tU
0NHYCswIMDU
63xerhdIG3s
LyR3BgDUQQM
NW4sqw5p130
gMPR5BsS2MQ
zLWzL43BdnY
SiL8ZUTdmak
oMn7rPgMUQ8
c7_uoD2b7oY
qVydGgx0WBk
Oqmp4sKYhww
iW-eyRMTvKs
3ArcdMHMXAI
krExMqRRMtY
AYYRC7ZWdZw
knN9VWBCd9U
pnXNCpKbRho
z1Sh8T_7Nko
v0y9VWF_rZA
8qC4DDBEJT0
jS8a1rnPGGo
kvQ9U69klZI
e5-BtdM2QoM
XjZ8Mm-BkiM
LjihoggScmw
ovlTUUyfzKg
WmF6RXf6U_A
LKDbBvMX6Rw
M6ImW63KVY8
TiGbn0rck1E
VjQNJR4Wni4
9OpG0OLSygo
1clUlxXk9eM
vVfSKhIKe1s
j6PdP4gmR3A
pUGiMRuWcJw
rr995PyaEnA
vV5v2Ikfiqc
yqXh_azDHr0
_Xkh8UGsQWg
fGFY3ZzVzoA
nvxAHRvpcmA
TyuKq1IbwpY
bUFxny1QGVU
IIoRFEKAy_M
4Zu9G1RpgMk
jNfUPA8QsSQ
1oYgO7ERoVY
PFQxxtLl_68
atwHWsqPnLs
m9jvdaxdRjo
vFhgxZ_whmw
wkuj1ktSGm0
45cotSXA5GQ
G33PRx9VlZQ
vijQvTTpPG8
0SaQNPG7U1E
5LeNO7plQ4U
m7D-f-bUmog
JgmwZIQG-cg
dC0gDzmHDIw
zQ1NWwBebDw
BPsU-UH91dU
KNc4Aa-ltgA
6Ae10N59Uek
9OQMYabM-Ds
AekEOLivFS8
pK8lchF5Hcg
tQCbniCL824
8m2zHBTZ2vc
I1mJUrAujMw
jNAnNxA8Oys
DBIhHhl1WeE
M5pHnnadaAA
9evRVovm40c
rlT2t6GXKzE
G3Vsb4XEs6E
FgilzGJxjE0
kjrk0KFKK0o
IrGg4aNRRvY
yNWN5ioF-9A
9MjIRax8NJ8
ipBS7s4lkrw
E9bBWP7fHFE
50WcUC0iO5w
ImCaqBB2K2E
vfO4eaYnOBY
7YbVcPRN0u8
vcVfnH51-Ho
zMX-PtjN-aU
PcCRviJc0-c
zH-HHrIY8kY
UEmQc9T4j50
4bhh9o2A7Dk
CvhZd_MC_3Y
2VbZO7C80A4
EGT9cHP86G8
hsEUN3jUkBQ
CRoJGiQjbGQ
I60E98ivDiM
QGYbbLWn-IE
eHim7CMOZ6U
kGMJ61Phs2s
vIQASBN0VyE
ywfx3Um3dsg
KGCc1cUbx90
sctMPouTWiQ
P0wdzMD8iRE
Z4Q9P_EhiY0
l2AbxWr6I4s
pYK5432HBqU
tmFZ0deR_vA
HfCJTTXV490
cyL6TDaDutE
L04wwpYvxfA
VmB_RpHKyOk
rosFS0zPAmI
yPIfzpeFKzM
iwIzIpGxSFM
9xwTHeJmrlk
Z2RTG0tvkxU
4FeIduWy0WQ
kn1vjiboPhE
PaX0hwjNqFQ
i7GfPxnFUzw
U5V9yFTmwKU
1BJ5JIOAkIE
-Edf4Ju1JnU
uG-o5vZnkAM
bSsxGN3_dUM
d3ovqbvrL14
rFJt02snYWQ
sXQlIuSjbLA
exuBUDdNquI
Jm78QFuVTNk
DnYKpQpX2Lo
JKhHp5Vmg2E
HzWk-wJsz2k
TirQ0d-vWL8
0RTdlS4m2fg
-b2khFfojF4
FoArRYAkP8M
IEi6CWxBCDw
_4i1aXdEqVQ
9NWnaScQ3Jw
M-Di1e71kfc
oHAsQEbL4F0
DuvuTXBl-is
l4Vp9VhsckM
_ybB0nAhb6s
jmALR5X0iIA
AUdwJuUIwjo
vOAaSNskI7I
YJ1DfgFzqQY
jUpoe7Fc5DY
bgzT7StRUq8
YKzFXvHT1Nc
C-enVZsAYxQ
bMJzUevkjXo
xp5Kjkh7myM
232W690pQxI
1xJTFjwwbQw
WBZDcBhxQMk
uQ13J3y__lw
0SDCitnqhdI
GFeVce7oLdM
lIMhLXZVX3c
ab9cr5ObUig
JmkPl4UoGrU
hlV97JHKBIs
iPzcHnZ0jKw
RHRAds10Y4U
W93JDwAWKLc
Jc7iOdknH7c
OYNks1_d9qA
esKgmBuP07E
TkDjXYMmygc
c_lmjlSPAs0
21nT7opY-Xo
N817I0prt6I
p-X2RSUtXrc
bUh9Wn5CyHo
HNt-ebnhPLg
STG4RvH1p5U
OpPD6isXCTU
CFK_kSaUh0Y
MXH7ZQ_8IWU
r8MYvO6XfWo
ddJqksp2A84
VtjoQGNFIr4
WsFAhnT-N_I
xJHEHosET08
DQfxxyiS-2o
R-TLEavsKdk
kSMzbwvocOU
XaNiJpf8-cs
2LatjRsGiU8
LiA3156BP5Y
JT_btoAOu4M
4aROt8ueau0
VwIKon9piLw
-9L4AlWrl5w
JaGaRRUO16Q
Vg6h4NBSCso
BojXVi3el-g
dnw0dMBeq9c
MEjKdck2QRA
zc1WImJdUL8
0mhYRSy8pE8
clO3NYsd9es
de238naoeao
7TvGNam6x3M
1zaFDl4AR3w
PS8kLsFys9c
s5trlz-4ZMk
VBVn47DAFQA
oQhJ2Y6LsME
-Jjc6iwSOgI
_C5kIvvrQfk
fsOcGdUl8J4
F5ZTei-1Y_I
qkjx0jbXL1w
CoDdJ7KhvIw
gXE5bv3YpMs
tvWzRqY-Plo
6CRdIaNe_dg
kcTZvzw5Bto
AfArFWnz47s
ji1YVdMFkTw
PF4uiOF-hYQ
Q4briNhn4xQ
crXjypZ3uA0
EH_A81bpcOM
czElepuwQGQ
77XrizOEOX8
cfzCT5x3QLE
4SSwjICBfoU
OuGpdtWD4Xo
N8HiLOMOuZw
oXkow3j8EYg
GH18rp71jv8
f5XTjRUYuCw
oYSBUiY0bjI
SzdaaP8ntpM
rukwhJiTbdw
w07uPS2O3Vw
kvkUXdRznp8
numsC2WOopo
3MZr5J5DOfk
9s7Ce-HCerc
6I41xIN-oYw
HREJDigN5Rk
stqC8cA-ksQ
IP_BFT-UPEc
c9o6D1prMLs
5jK7T1ePkXs
_iQCahTDn2o
gZQ3LVBs5gs
USB0dfbgo7g
WlvKE4hLhn8
UEBiVdqdVw8
NbxUfxbdBS0
JrZbxmoELFE
tBDlXH_5WJ0
CTy2fh0MIrM
RMEpGB87IlI
cTe_-AdHRTA
Zq7oMZH2EjA
OGjKc67kiYE
jQOaPfmy_wM
JLKvKmJbY54
5vDfS-K3W0c
s0VC1Xxv4y4
ZFjpBvbGbGo
FvHKirzYRdc
1WwuF1VRYhQ
ZnJpjGH0qws
cCv34-yb_kE
-8LZgKb2ALA
RKfTbxTxfMQ
R9itzD6U5AM
jhQxclR5tuw
EZSS5rxTCa0
nKKnB2wVJ_o
Wc9O456R7tE
uoNwJYjnx1c
028q8X5vNqg
e48DXZDZEPI
Hjhqd_x3R5o
mzYKOhUWrmE
x68SWpl43xI
mFFFpXX4v8Q
eE_pk2yQBm0
FGGoKCbbsqU
m-b16NMA6rY
E6urQjuO9eI
bcwFRtCvAzg
kRv6givwXEc
0XgS5wUiCIU
1vwh9DY7GFU
5rfv_PIbZGE
KnQ2JIPxSq4
LaFIyfq1HCE
UqbQbRhvdzo
JYlpnMmgyjg
6TB3blQ1Wx0
ZDb5-aK1JPI
Ao_mx49vOF0
rrs0Fc7NV6U
OiTPSg1put4
aaZRiN15tXI
t9HNXxM9USY
ntHKenhmCEY
W4EPDUuJ7TY
kQesXrEyzYM
b2gavNo36ZA
yrBjVuJndDE
Uh34fIXtISA
R_zpXCaYmKc
Ni5tgO4Bh3Y
y8I6rBd6r2k
fYktP8LWhCc
WDr6fw5-UZ8
HYX5pmfH1C4
B0-7RJ4KeFw
zqg03G1rEg0
8sdivi_ZQGc
w8hAITzMfPc
oNggdKU12ak
0SyD6Usu9Eo
trFXoGZcRNE
qYjQoPumg7E
xMQtIzKtyuw
r1BhSVwLj0Y
u9qdTfmECyo
5p7IZtsT8Q4
JxxRm1LR0_s
ShzHY4A6484
tqGAUavqJSM
68X9ZfWrVL8
_Td8heNPB3k
PmRYHWq4cn4
nxmw-mff3Ns
Ei0GFfSvfU8
oDMFlHhzlOw
gu1pb5UP3FM
Tu_cBUFcl4Q
-Piqc91gtAo
_75HoeOZfGs
PC9_wulkKHE
eiUh_yPj3Kk
Esufbk78h74
2oCT8Zr0rDI
KCe8kZ6XlQQ
oHrUbN6W6Bg
37yqo-0py4I
eTEFwUFeCak
RFl8PY_KECc
yEaG-o7Wod4
u_qDmIkhHtY
JbWDpeL6-EY
Mb6SFNLUYWk
2Vg0dR_jEw4
2-B6Pi1uVBw
bkeygRzQCeA
13HxvSZ5Vxw
da_m0Cy3e-8
w2-DRxGwG-U
JWJGfeR9oFo
DTrZExQ5W8k
-JBEfPSEKG0
v4WWB2PvIkU
ZJHVf73Yf_o
QZzU8rIqHjw
VALheP_DMps
lNHzTmoVbB0
K2odfTotg68
eFs7RfJZEIM
yxzRORV8rWs
P_b2hU0WKN8
HCZkqwAx0ac
zHP4QrBhUGE
COGR-GAGJ88
Y7D5MZkpaSU
jjTzvvslgFI
8LjF-oAJza4
xOiVjfTfRUQ
Cgkk86yD5qI
OwLLDz9Mk9Y
oVAgu7Vsfdc
Rir4d29rK38
lg0E15TzBY0
5AF7Qv-ughQ
P43ha26Z-r8
5KtXOyK8ihw
VLH4VVdaQd8
61yi0WzkU_g
8L44Ux7UN8w
r7aNrI6R0L8
B1OoRmtZlqM
38DHAEKwubE
zdxLRQgr4F8
DB-rpz_4hb4
60zJHK6_LIg
Z6Yn_Tjew50
1Hr4xp8JFYA
GmQfo_O5_1s
h-CIuyolYOo
lXh_dn0pwfM
zwOHjP1GdoY
_JpgTrkkdPU
YPTziyBIfVY
-EB91fYhdmE
MkePIRHaD9Q
w1oFDVyK1wY
0QXlb8FthGU
NHF6bZfCb1o
czFHQcduj6c
vNwz5XVddlA
-2gqf_jMHRA
LVldRYZPXk0
p20tUNqx-Nc
9lXNjYvbP24
E-7uUUcIlqc
FtYOoCJ-prI
-tWoQ-fVw5g
2TqfiaqTnhw
FzT9DNHs9zc
qFNLJd4aE4A
CJU1bQ4Pq6Q
X6jKBKvMcZI
69UJw1GwtEg
UaiCIvNhSrE
Ynqz3oc5REY
LiOF14ZKA4w
MPmbyIxSHq0
VFob6PfHfyE
uhe1hA3-UYQ
bMc-5ORi5zI
kut_1ZB4OP8
x4Pp-dKoD3g
rMcbYhxgkFY
41MNCnppwQs
9Arce5ZOJTM
vd6A9OMLjM0
Qo0cmRC44qs
UcwrKomwvLU
xmDehFQZEj4
UWyedf0e3aw
4ndtuYQHQIk
sp6cfmVdwoI
CGwiiliciVU
TAhiyh33Nxg
mDTgLqnTnq8
zQSA51Kd1fM
JAL9Jf4f6ek
aH8J2jg4JNY
ZEpM1UB450w
k8Xmm4Nuj8c
RCSTAlmBCGQ
xdjz5octKp4
Sl8Qv0olLQ4
lf4fiCWFrGA
U4k1czEO2Qw
6HjTyJtz1fQ
o_iNd4LCs7I
NLrZZ8HXxp4
TSdTQhYYaOI
zcgVRypH8FY
QbvSZ2Nlo80
qMmzywwYZqQ
mp253p3CnOk
Q8t94aXLCRw
mMNzD1KUOvA
Ipjtpge6zW0
b2NqCM1XS1M
d4oPr5P3Vpk
zXsMoDxztBA
fITeaHVSJIM
MkAqp2g_TqQ
E_7-FSDZkOE
BnPE-6W5u_Y
Tm73YYxDhPI
4TbOk6rRflA
sHcwiu3Zr9A
SxRdahCB4uw
kuaFFH2WLOc
2cL4geF7GAk
VJKqyHY6uas
UY_LjX1NAvw
qtbHazCHhUs
dl5VJ7vog_A
pp4f3SOhpao
WX8kUbVxX40
wEoOuU42jnM
JAwMGIxeVbo
Zw2dgsnc2KE
NBkyX56uMfs
nyr1OvqAG-Q
Vc8fHLyO1cI
HEAPWpq9vC4
knTyEoUlYXg
OnWkIzhH-us
iKfgcdtOfVY
xSCyEMn3hsU
UxAkiI6xJY0
KYPqXllKh_I
qP0veW9gBxI
e40OY2ucPBQ
PC78KblS3jo
D4g_0NEEcuY
hkL5Wkj1gYk
zjvZFwOZo6g
191PshRLtos
OrgfBGW7r18
2HlAsbVsWuM
_hhNEvOloaw
Cn1MugPalaA
Qgs9zJdJctw
1in8sbdTpd8
j3iVpSUriSg
RyRopxMltTE
yQRSRIzpmfY
W7GfwdJWJig
PSCLLHjg2u8
hxguw06-Cws
vQQweW7ULf0
yOgWRDjrUm4
6TQogLF6boo
LVA7C4uns2w
lXMhXlSupjA
_0TUSoTdaCw
mcPZgP4StP0
9m6cVRpnkjE
HB_wJxfLM4I
6gpRxsI4Jp8
ZErjgnCOkyw
jiBgI0VzLfI
9yKwS6YFU_U
L_FnMj6H1p4
_gbLbHyp0tU
wSyrHAmvlOk
nvRsubX8GHo
zz8LFqJKd-w
JcAPU6paCxo
hEhEltNPWXk
W04SaGtiiEo
2MpxfJ9hgvU
aGN2dbZdMbA
yRDqLjwWeBY
P-eA5Yooa1M
F4yz-P94n0Q
_0MvbuwQun0
nQowRIOzTYw
IUSLf05bPZs
7GqtMRBa07s
hMqLSx9Ga-M
SiE_eoJMrxQ
BiAWvI6NuHY
GQ5075ZFilo
j-CPQUCfXMI
9vFwzpc3Msk
AoR6-jUlz_k
B3NrTW4BDIA
vU1HoTJLYiI
vtfEsHIKirw
CKNfdrU4C5c
2y1eNmnmzFE
mg37b6wp_DQ
zP0ExE71ZtM
UVemmkko6k4
C1KS6wlUskY
0Ny_HY5Rpp0
--dnfTaoXKM
OWx9BvtIxaU
cBJkXio-8Uw
O_MvKTQMI4I
WY8KBFuSnGg
VE5BDu_YyHw
C7UjTA0HRWs
MrD7InBfoh4
866WAarYQNE
gGTa_eioNGA
BUBeueRgywc
O8EUS6F-c6k
F4MQi5gyKns
6uFGQ5LcqUc
mpb6mSlR2Gg
KRVtCuCdZGg
NmJbgMfkIOw
qNv9bS2NfmY
x2mS9W4xA-8
Rdg3YiVmCGo
3js0Do6UOhA
Pcmcmrh6GTA
CjhvWHgbnts
oSnLJSaNLR0
L-pkO3tsELY
mwahLAUzf1s
PlIX7kwJ_VY
MbeOdCug6aY
VEu5mSP-Krs
TGI2clTwvg0
3cMVBBulXfI
ab76uck5sNA
zluc6q88APo
cJkQqb80ya0
w4OB66_umkg
WgdknQheM4o
uQFOwRHyYDk
4ZzHwo8t9Sw
o_Kz15TeRUA
V1RWt2XBTNc
1JY93h8wIII
sYFroXmR5jA
JpRJLg9Lq5g
lrSZ6X61t14
PxYiElHbEVg
adsFem1UH-I
pbQws3FN9AI
6vqJqEwRZGo
WRfZTOKteVk
5ly-Da9FZfI
wlfpjJAGfZQ
lTLr_QZMgUk
lNWyWWzYS70
2a4-JWc6fhk
cdZi6_YwvuA
dEWBQxmZT9o
LCJIpmezAN0
1HfbVcq45Ng
ARwQF74PJRg
SaXXTl2mqSw
ZDF5X74UT20
VJiytwKzCQs
mtsSdetuGkg
OSajPChJjic
QiqYXEyU5I8
r82W6vKcbGE
EfBSN0xTBo0
ZJ9gxanbt8U
KCe2MMhpkis
1suf3cKXW6s
dyoKczX5p6g
qvzW_CJTlmM
aL185s8B4SQ
Naz_DWHgOeA
ESWe4jckECg
Cdf2z1dB_rw
T21mGH2gSjo
kWtfxWnNE-g
UzHNs3BexKA
V7HhQhQjC4A
DVdOaqbbgMw
nmihGvY8NIk
UI7a1f9osGw
X2KEYSz7WBY
EDP0Z_IFNgw
_hE2MNiIRe0
1GW0WHOJpqY
Zj4gsmrI1so
kWqlS4OpobM
41srAxEHOek
6hndGkDACk0
7iNIpj4-efI
bJodcpvpATw
ZR3zu0V72WE
3cYOAPfyUoo
iC5TanPTtP4
FGNgzAibvyY
pOiGp9qW8Nk
Vl0pISUQ5aY
h2e33su0Wio
LPo5gnII5E0
aqlPcqoF1Jw
fuCypqvYMqE
6r8naXgyj2E
wRuY6JSRoME
WYUruFg8uCk
tJZPW92OY7k
v3PbUTZ9oh0
dX9OOCptE6A
TFhvXaCX8LU
7d1FANcE61c
Vhi3oSqFWgE
4svUKPeDa5A
qSETXzs0bPw
2EKBSIYnjNw
rFSOW3Xc0V0
dVW2-3RrMTY
swA4un3sh-M
3Cm22BytKJI
6d2eWz-QpeA
zfE_YxKc9Yw
givZ6x1xd2E
qkbTvuPz19g
1jio-67YEIQ
_OV552_KF0s
d7-qucFQM9M
DRl8dUzu5_U
K2pXRGBDZPw
hFztM-VSqUk
tj1f751EG_A
EcYgHZLoQ_8
GSuVI8n8zFI
2WH1sokQhKk
FXMni90pgbY
XaK2kiZOtSc
0ral59SvrsE
tgoNnBozVlQ
R5LGrwcCgM8
51yZJcEM8gI
vZniB7qQeuo
XGY8LBk8_T4
uRYjPa9ex5Q
9cTmAg60TTk
nbh1fNQGjO0
MdcotJvPQ2Q
Pu9KKhsL9YQ
QzQUzhvwGKo
uvtO3P9h0zA
FRGA5YQTcb8
NWApZFwDrpE
UIFaX62YA3I
PGXuGRZsC0Q
1VHaW28xb4E
f5hHxh-4zig
EBIdotVUpis
0abvBFqKSxU
VOhK0j8YRa8
f8Hdkc3FxIo
HR70c2UKbSE
HK1wRFyHE1g
aSVUiDiR0LA
3e0qwXgjjDA
7Gj_eAfJPeQ
E9zQp8OYTpk
6JfaQi4-pMo
XggEksm-WF4
O3haOpwEmI0
nCJ2km-O9fM
nWMLySYGPSc
AYCuw-T1A3Q
iyw-56h0FiU
eVM7bbz-ISs
omtY4AdPNro
Ywwpfw7iY1E
WJTmL3mCeZQ
UfB57Uj0hG4
5VRMl4f_isI
fUGhXizM4Vs
5PFoqLrkcKw
yjPIj7Kd_y0
tBMx32v6GAg
mtSYriQ7BjM
qh8jKLxRgYY
lA4j2oCp-cE
go_uzbfQpvs
hXqWs1Apqyo
3rtrRLxDCHE
xHyluYqGIqs
3JKI4DbHehQ
RUAIwsdctek
XbB8oup1pKs
uaBUbVrJJyw
-fHnszWtJ2Y
NeyXEEQyKFA
BVnCwDbjzFo
uPpv89d6vrg
Jcvgyn6mrzw
oFuzvudRhrY
Kn5y2jCRcf8
8JKNGDKsJwc
iXRBZLtKhgw
VKxndp2Nexo
c39Cm7ltYCA
yuY3Fz5s7Q0
UxEW-SK9wN4
zuZu_8YEAso
tuud6xfvsGw
G5IBXC3EN3c
zKkzDxWsUXE
1WPb5J6G_nM
KXRC-j-ztzc
CnOtFbI69E4
uLVMiR4S4Fs
p0O6SW1QHnM
HYtVr2Z-YyM
R4Cj0jCvu8w
ZmGQFcvUkAI
514uYdZG2TU
g5oFZ7Q7B9Q
baOOVdqvP64
MmVXgdbBzdM
Xv6ALK2aEGA
gF6y7LQEVEw
2hoZbx7k3nA
SNptvv_mJzk
bbHLNWsHpBk
F39LikPXBbQ
ynLV6PYDryo
v1Ttfa3JRH4
DLSYK_oBxRM
Qnk9FWvaNp4
-Vl8s2NiThk
UbZOakTV99A
y2QLv26RmAo
jm60lW7UodU
CxU7sZeVkyk
i0jtVsYyIE8
y2cqH6Pn7bA
62Hc82c4bRg
NZB6OCGUj8w
llgtC5dkg_0
NvDV3pBT3fc
wpQjyv7iKYg
_2Y8ix2jaSI
EsHJzyOo5KI
JS-v2-ftubY
6NH17Ohse_o
7-e7NO-GmOM
khqYJsBAUIM
ZO8FJvAZyiI
ue91gFHZlGg
d64oMt6Dw9s
XtSqSfv1_D0
AwjNM2P8IVs
cFPBHkZmyf8
MuyPKVvzfac
lLqwPs174CY
xEdZwS0rL5k
LDHKcb46yUg
LOotcoVtwJI
K9o4CdtsCzc
kxnT2LsWSSg
xsMFSM1DDiY
iW5B1d7f0Ko
z07I-RJgTSA
1VHnUUdR1pk
IsO3QiCR6_g
bqE-sgAYCLU
IWH_3kkvaik
rJZRlXIe6W0
wiLIHE6kqV4
hOpNDiCX1j4
KLzJanQYQXI
RfB8_zqvmnQ
HSPCyhSsADU
we2ouS_JF7U
PJVes1pYyec
C4UyKv5lReE
gjK5ai6ZUSE
c3ny_aZaxI4
z3iN8NVJewo
31PmSTY7bnM
AwIYHwbojQo
EbTXqrS9l5E
CITOoNs-5hA
3lp5DVEOYN4
K-6n46X__WQ
vc3_koazqA8
KnY4K_zn5Us
s_nDpf19Wb4
VcKrGln6eAI
wqeWRsKW5AI
B1EmCuN2ZCQ
8Kf8lnuwMxM
FvqUxhOce0Y
_yLN6ZDuhL0
o8UDc8UAB5Y
LDtocMXOlow
dfHXeDv2-68
nwVf2flrQMI
wWiARIkeuII
8BBi-wgt9zA
yD-W9rpgv7c
E_PQFUUw1WI
_6UsK1BhanI
xDO9Z38cv8k
BU7PEGjWxhE
sQy97GpFYC4
Lu7HDFxk7_s
0hZJ2VifyUE
ji1tlmnPZ2I
t_qCQ2HrwcI
seseNA8izAE
QmycFMAg2d0
bjL1EARzYaY
51wt6YAmzeY
V_1mVJiUiNk
8obt-6jXXlQ
t0q-0Zd2bhQ
EzJs-tV7Lm4
bTDE68rkGxQ
_HgJK9OY3ag
S7bCO4cEURM
CZH7SYBt5iI
S-ku4zIJeSs
01mV7LZlnE8
3BgrSbvGoiU
B2HurtTUtXs
a5qbaxYhbL8
udCo1UDRP5k
IUC8Y_eO_h0
XuGvwxpp2t0
16a-9SgnJOo
-fmnqBF3-sA
6aW73pO7Aio
ZyfdZSCnaZE
wsrcYiTTNQU
qtLHHKw4ifo
koV35GjMNVw
lFolR88CG8I
T1h4pjr0XOg
5niZ5YOFrt0
hwRRGqT-jFA
ixxTwcAELB8
5HWxpmeS0JI
1D5021KBsqs
vnMbZPYz2AY
Sa9jXkVpnw0
PqeLwH1vf_4
jUgY0wcYRGE
QzpXMbM-kos
Uk0P2ctzb_s
Vrhz0Q_9WMY
Mqhp4mitFak
TBFXEbm6_sg
5BpfomSBz8c
Lsw8CTJUSis
bEj3xvpeq1E
M0ahw_gf8Vw
ncjwmyEhv9E
UA3jI71gy8E
IfAgeor2sP4
FhO35Inhb0E
pY2hBTCSya4
fGard46FjLg
g9mPaeNAEnQ
-VztHZpGCHM
Tjo2A2tX_uE
-z03gKig0SI
00LDk7yoXfQ
jmBh2xHILIo
BtlZCbWOCiY
cs6ajx2fHlQ
IIygwmq9HUk
e_ehE4nKNuc
nT2XQMs5HO4
M_jLINOjqKI
VAxtwHpMmuw
TVYtHOXfzYc
ARZXqwlcA0M
wXPcmAWHR78
9GOm3EEsAZk
YZTVmhiov6k
e375CbRV-FA
QWpJ5LivdA8
BSNaySjNfl4
7Vubt_ztl_c
e5dOTp_RFjo
sB81DXTkx4E
Nmy-AdL6NUk
W1QsQoqq8m0
Sj4gPIvKrKw
4M1xGraCGbM
rOn5e6oi-0U
vVMN3DgcRYk
U4JEDaIAOlo
xz7GPjYI6w4
JLH0k6ay8m4
5WD3azvYYWs
CI405IEoLdM
6Vv7IgQY0h0
hdU7fEyrm1E
57A104toIVU
wwBmC5mIoPs
BJWAr95bl8o
a1K2It7Co-k
95uVIZSdOAc
fm3HvYmWPCM
BZMUwE6iGko
mVEIjtXZBFM
iO12Md0cmRM
Ery7mRGnuB0
3L1tRZ8Hfac
oSN2GqBlyvo
NyLIObdiVbc
3qfSZmWVs54
DJdQphU3y94
rvPBZCitHsA
F1esj9H7XnQ
xjCNuyvrkk0
ETOMQubayeY
OASgw9FiIFM
ynQ9b-IQ2Ps
w8PP6rxzzOg
ywnfc3_LujM
A-GLMZD_YTM
3PDWqbpsoMg
druHEnQqU7I
168D7Lzv2KI
LGtdz2Zdm-E
YEEy6kkqQNY
ETqAWBwt024
MYyEL__5s-4
uSiO4-rvDpY
mPliUqYpBzY
FDB61Xh3iTY
0KPKHJ0WXz0
PwHYn4B0AWk
yyvQdIU0ou8
U83MiLbq03A
CVt5Y0-Wiyc
5XVRbc5TYa8
-nAtH52ZkWQ
Wm7NGuSZnGI
l7dP70VFo90
gUrjhFUrzxE
t_FOCvdVML8
tv-_GrilTa8
wKpf3p1Dldg
KDJV0emoz5k
imUD6WnvNkY
-DMCsXq_mYw
u-vSB6gQszY
1beb0dEt8GY
NAtyv8NpbFQ
adrBuG103gM
EwIYtxnXMFg
3I1GpGUovBc
3PDcVSpFTGk
LdUav0AoDfM
JUhgxr0Zv64
SVjYnAHjegQ
0Wc54EDkRug
v2XrG1ojmfQ
Q_gGtJw0Npk
iDW3mI2yEdA
9zFltc54-6k
LxpzGrA4gvg
TA5Gp__8bx0
OFazP2nBIqQ
c9L3JhVeh1Q
trfsPfvCYk8
ubE_hOM-Rck
mSLKoFWeVnw
_QmrM3xnj4E
MTa0b9s5gxo
JABw2su7Fho
qiZEwodF8r0
-2zkebVTmrs
3wOzgN_krsI
6RJgFVbCx4Q
ji7C1GUpV5g
-8E-9JmBzc4
-2s1CMh1r1A
u2obUPQV3RQ
52APBQy1Olk
-UWkOtGPcnA
ctSdZUyeMmY
OvrmZ_9KX30
OJrSLeWm1K0
_p1Q04pmZoI
xJNfC2l1uLo
QkogEGuCC2I
V4-BSOBuBIA
EiBMBudHRYQ
pYr3YTEkgCk
KEMzjugLBjI
uhAWy7U9XG4
nzavDPRGkyU
d2pqNaxeQb0
V4fi4i6ixAc
DndYKoJL82g
_BadSiDmg08
PdY-Mt1GJd8
-xfra2_tVF8
bziXCQ1pJgM
Ca0wVKV-xCY
Y0A92bGZ_BE
mBzQjfeWgtE
AP3VoEVL0p0
4UqsSwHbzQE
sjH1GcGksHc
tSoe5v5Qlec
xob8uPXgcIA
xNQ5AWl9764
5FARu0ycUUI
_vvCjHuMeu8
XH4OlqbvYmU
dUE5sRiWNKg
lJU1f9Uqc7U
M_jSxRd7OT4
MuHw8RlZPTc
Hlcp5WOYaP0
PdssrIOI6wY
iJXa1Ofn9wY
L_bwUlu6lLY
XUe0sNx5Pek
8nGbaD3xG2E
onXoWe2_eiU
vzQllkbjk3M
f8VmbxdbG7o
x2y2yCQ543I
KMadN_mP-JE
uiCrTgT5PE0
7TaRJCp-0bU
IUXG9mVOj_g
gIv0qUAjzNw
B93fUUiuwMs
AdbX3kngkXs
zb-xX8G5sjc
eE8SygTC_NQ
tYGZKF7TQ4I
yBjWvfjCu8c
BlWDO5g8wKI
5HfywG4bGsI
T-9XYyuKdC0
M5OR6qGaxd8
4XSe8mPhrts
OQma9FJwJUY
OJYcK0-hSh0
_2VhHTm9Ngk
13ZqtglYceA
dIQvOatwiWQ
X92p6EdiR_0
G6q1Wi42E9E
gEEB68q28fw
EDP3XQ8b0ro
K571_jqnCpM
eAN1HiGkQ7E
-F9PVb3K8-4
UiTnaKg00Oc
BaHCi5aVsg8
ZoIHJw-Qzmg
JwP7cvehGOg
b_39w-1NR_0
m_nRJOaqHbA
5DqZarWJ3vM
5juPzqkbVIQ
g9Xzuu3VsZA
Z3cL8w67tDg
V2w-r2Ha-D8
mvcx3USMCJg
Pjeb9kOSJ2M
46LcUTgoYWE
nBhnjmwEuPY
tYp9yREl_k0
KGjKgBdL5y8
vT4pJHTSHTA
LgnI1CB0m_g
NDmxkXUqYBk
7htxLwQIJ9I
wL_CJfSJMi4
o9Fg-usoBHc
IdoiR44_Egk
ZjfxDoYENHM
jDdAI-X3y1o
HZGq_Rf4raY
Nx0iyyDmJa8
eKc8FV8atYk
75doh5hJVRI
NVCiuPIeYUM
1ohLB30_RBM
YJGi9EqLwCs
1DFa2yeQLXc
dE3dqlFzDeg
0sr1Xeocuuc
ne3HV9tIITw
UiI_-GLe7ZQ
VznnbFMPztM
gAmtRErIwCk
kc-e7H0eSWU
uDfGudvtxz8
WH7q1QCrz1s
p9GNCc_4f8A
Nniu8-qk8oE
ZReR1OuSnm4
NdUEWXgF2m0
pav4tb9NZwc
fFfXWwUnB-c
PTjQUHbYbrE
5YTfS0MtV1I
Z3g1l_dQDBM
uYJpdFRlr3g
HL1VQx1m7o8
B1Ng74b09Yk
q_xQJuOkSrA
HlfNRH7k-OQ
Ks7f55L4iSs
aEDfCrXYM0c
MJWjDZ1wY3E
EFBnPSDXc1k
bGVd7k53hDw
Mp06MJ2Nto0
hFmDuwugiF8
lptOChnSxPo
HhRja_Aytmg
xt_LrzSw-V8
PqZVPFV4y8E
KiC8ytR5VWM
mpeEjM9FTmo
ltPqdFo2wt8
XNhCxrmxudI
_O9l9fh3W7c
pu8lpfMGMvk
4kiw3W362W0
lQbEBxKeLlo
G0U8IOmKCw0
TbWvNgG8_ro
1_NQZ_xVehw
SvPucnQJjeY
k3J4sQcuPSY
tQLpGgaXaZI
jhjOhBrVzu0
0ML97CF35wc
TUzTUEWVD2I
60RRPNCRtX0
M8MaWv5UUy8
oIf8RU1GO0E
tgEPfsZhz9g
ClOCMC3Y_Ek
0hrHBJxDDF8
ZEFzjaJSdzo
JKbdOMcaXCo
pHC5ELHndqU
fBM1dhirzA0
6QOB1GClb3Q
S64r_Jd2Hgs
AxqJoQuXJc4
b2wj_HqjOMY
J1Bv5H_LwIg
z_rkqOaHn0A
iCZ2ahYIg2U
0qu6pEZGwlQ
5hPDz16DFVA
qFUgN6mWgjU
FB3bgz-uwmw
Y0P706JKY-w
qclcaNrFLJA
4SlWarb216w
CJAmdhoyzoc
5PeewBegRKI
gni6AleBwsM
XaoaYPJtjjI
I7AJwGhNU5o
taVvlqk5OxI
lslvuZZhyWg
wXak-P_EeBk
fLUkYtamk4I
gjuzXVQ3bmA
wfQ669xCkWw
khNNJ5VdGrM
61cujU27oXg
ZLq6qMN5s6c
xpurFfcSNfU
hB5KXHldgcs
M8SqxN7wBxE
lcU-yfFeMDU
QY103sH67VQ
lklzoJJmG64
zPB3WDX6IE0
drRBzJn2T84
WCTQGBrrv4Y
MjV7EDuL21M
SdGw25RoSbY
MMqXE7appy8
-iQmoe7Wygw
TZVvcjoMzRk
rL6yXQGvR4c
4jWE3mknqko
WL80Ug2OJow
PyfcEUy8qvU
Ar5z-JD4XC8
Q2CgUCNdojI
7mPuujm_moE
NrPWFWd8cVM
ibCdGpG3GTU
EmJsTf6hCRM
0_L7g7fBihI
j3BA6NwTAz4
Kbm4g-5cCxo
_ai2Fd4IyRo
JtGqDH_HBvk
7rNb0g31c8I
aS8IZZPiAjw
V2A4GA-zewI
ezFC5HzK1_k
mH7hpDxO1fw
xU9xFe2G6L0
AOSiI4WHUUM
_uxLdW27de0
MgnbzjOv5ig
8Xli4cNj-uo
_AH-VzwndV8
zBDjg0-3fjI
-aqMh99PEvg
NX29MF_PR_8
3BqK8ywoKRQ
Lfs5SLZXgCo
KeEnYaPsFM4
evBXmCZ11c4
-h3RRv6ydBY
ppNpcvAk-GU
TyyrLjs8VFg
Ocz1YR3WG8M
n4Yi4VOTXkY
ohB4lC8Q4Sg
qg3E1i9dZAA
_qypgofB5tY
mS0pbI9J5TM
U3G_hvLme0Q
oElxfyjTGpU
n5q5mtX_Rto
XJEqVC1B3LI
SasSXNjgWhI
8N6af-V2WUk
AtxD6iK2I1U
MXVhW74b2EA
0JVmtaTVKPU
LnngBMN__C4
bKSIY0F5E2U
5Z2E4zMBWUQ
3eFVkm7YyB0
_Q5QRgWzzmY
C3DM_0krbUo
teYhSYEKQNM
l3ssin_-WVU
DEzk1bzOkoE
GXmCCgJ46yw
y8uJRcqSEmc
4ZtjcT_2C8g
UYJp6f_FcyQ
Zc6xqBAVCUw
LtNTpKNa5bk
1g8IiKXdtFA
TF9G9kQVZDQ
o1dxk6zxWx8
T3tDTBiDlus
vh2bG8flcFA
WBtBdPNhVNY
9fTFhwfRI44
bIFsvlU5zOs
YgzXhTO8L5s
8vUvPQ6pY54
EBYtyUYNemU
63PAcgOzGpE
KQTf5ZtZRoI
zwlPzfQuKZc
8nGNHpr87t8
pgVzjEwmldU
P72CO_WmtGY
bSULVbmg_ok
5cijX_bDcEE
ofgjIN6QlMU
wqyiOGcGduA
DRMbdgmpiO8
80__M7KTfwI
YAYkUufW9Yk
jjANiq1_Aq0
uwIhkrnJ4cM
2FckYfnkW-k
NUJusOCcAjI
1OXI17ye9Gw
CI6rX96oYnY
7j57204BDL4
2e9VYf9FKHo
_jb_HM5U5iM
1ue_4dQHLkM
NDvMSKEhZQ0
DIdLF5T6Tyc
0bkYNsfMIto
0RWk8p7AUUg
H9S9t57DvR0
fDLiZEglOq4
GDs_woKJrkY
wqZ1CgMOoNI
mqvuhhyCqLM
NxlZjZz4MU0
wxm4JUkqpu0
Bb0GDJ5RrYs
qKSIXZo1004
C1NyA7F2HsQ
ruUR--ck69Y
364ehzqgHlM
JBsRQLoqdyw
n367Oj_H444
4my1IEUZ6Do
kJcpTSNWXdQ
PJhl0tLxflc
NUM-ayQ_RBI
2C30hGy_4gs
NYOxoMLxBHs
3v05wLbd-c0
4AyQo0N_Coc
JNV_TkuDfnU
5-Fmvnaap0Q
cLgawWf_dyY
ZFv8zOm49PM
us5LpkNxGWk
54v1dMZcD8M
0QAEhrTfFls
Ra0An5L3CMU
9nU6ckg2a1c
Taa1j46xFL0
kRgQvytwWgA
2wsQPFyZghc
IKvqUC7JUXc
3n9CsdcLP4g
FRpa4d6m_6E
TlzY_KvGSZ4
jD4a3EidJ3A
Mz1DAzYS9Kk
0thgTlvpCEo
GX10mR_N0Vs
KRhMyN-8QNw
l0roY7zrYhg
sbS6lScOvTY
dlhuf4oGYO8
vbyF-jK6qJU
BAMVm-sCOSg
3BtBnRo1l-E
_4sW2b0MzMo
0W-J_o3_QmQ
JtbS-FYyChg
nJgTer8SBtI
JstU73m9IeA
btkVskE1rgc
6_u1QJyS8n0
O15H9hFjw8E
o0Mx-sX-WRM
76_qOYaOPkI
3pZBffVlmQY
O_5lwBhfPy8
zbHduDdiPyw
WO5zNcD08ys
crLncSZHP00
xu-ikoRPZns
53a3HKcc0G8
fC8XsEyDXbk
nW-t38JxAVE
54A2U5woRho
BuaVwONClMk
mUWZ3B6Whzk
N62KlvhdA54
ckOue6jlZ6k
3NMVsejErkY
inrdwYv_BjE
gc7qapMDaKo
ACG2G1RLrfY
KbD-f7MOLpk
Lw3XAmMxcrw
w3K6Hnxc2w8
46rLMpoWtjU
tRC77aPVurI
AkslG7Ozabw
8LykiUvW_qA
TK_sxPgAivs
898Uk5aDL4o
5FZyDyslbxA
n9yigcXkV-0
0FbMzq8r9ts
NCDA6LBvyuM
sCpqcHb-5yA
x7Rr5bur5aY
QGRbVItPBfA
Ymu2l4Uhp1U
lrOH7WzOPPo
dOOLpEbxpz0
FbgTPbaku8s
1reKgzbK4o4
Lgc_KmM43rQ
ynL5CzTL-KM
oTrlRR-WB8o
QIz15aJR3Mw
lre-OpA-utU
wSyrZYJGWc0
FkSnEypzVoU
Rec9FnvlPD4
hXD75CfrTbQ
svxPGjdwLWc
lL3lgvFlK8o
15DVhtaBJ5M
Cg3ooO8X2cU
m90buK0tFys
V403TNll9vQ
L1k3JVxJX38
cshgMRGcc3s
CHySRxPTjyk
v8MVazjyqaM
hh6vsP3eKhg
gxRLeEIbDLk
HMg8IzQsdpI
kXVwEN0khpk
jlbF7CoprAo
n6Zbza1UG9w
eaoeJJprMVU
BARRovnMQw8
8Op_D9vjGkg
U8wJDzWuxC0
5ApoITPfY1U
BDnTeODI9GQ
3jR3o2cu0eI
zsuiM_ud7xI
94u1FiiAYDU
FCcU-qJmGw0
jUQPHaU_ruo
TFaK6N5mz2U
aQoQMyXtIDg
w8kmks42DtQ
DWNN5MftgxU
8koZfVq0CkE
pfDhdft_5y8
BpitX_yEEQg
H55T8PMWrt0
xQwHQaaucsE
yuyY0BlZs4c
OtFFlDMnaJs
4k3_r8VAzhs
S065EPk1ypE
u3j9tE314vs
UVvOv1UwJLA
euC3kmns6l4
ttqvnOweW3E
lp3wepf0SQM
no7FuVwcn6w
pkQrzhZ5Iek
Kmc8Ac73B6E
5RpDSAFurY4
yYTuEuR7n-Y
R8l1TCIceQI
3Ga4c-60t5w
YcUbg6AKBYU
MpkpHc6IvJg
0LiNjJs9BYg
2thv247It7Q
oM52QjTJgfg
cpUv_qeF9AI
3rScttK-OBc
2PhkqaWKfo4
Fn--2pKBGQg
p60S-Rfk2Gs
ugsqlW5bNhw
j9xaCG9ISwQ
9vgzHjDnmjY
BvQkeB9MKG4
2VM2nKNTPnM
SMEfloGHFSk
DSw8sB1Xuaw
KHBCaLfEKMY
CO5E-VoR3sA
h11436CR6-E
8reKTTTJZlE
FlWov9R1IAY
Pvp0yaZDYtk
DfJ1nWracLE
lrLrs_lQjhw
EWsvuwGnxLs
lbYM8f55yo0
kUtW7ymtOh0
KC9zBn50pUA
ZQ7wu95siQ8
iVhHMDCqve8
n7vJ4tIbEL4
VrQ0aruBDWM
Rrxrre7LvXU
SBbYlhvV6GY
3v2pv9mOS9I
3pGV7fH_0Gw
QRoJBr9KrgM
RFDjUD3oeOQ
TYt-ltt4jA4
7PHUumVkkJc
EYEGas6BdbE
Oa-CKVTfg80
0KeRf-j7Qb4
BP8mqzIym0o
In8RCvzscCE
gb8sEPg77zo
2xiEEtoa-_4
fhxrCtT0Ato
1EgdykV0Ug0
EMJ50bW0-tE
X3keDe2dOwM
PE0NztjPTKU
rVzKba1aX0M
Hj57VNM5N-c
EWgnWdB0stM
beUJ_VPXQVk
w7s1AeLWx3g
djq-13y2YG8
h6oF1CCupiE
OXF69X-Jb4Y
Et9Xt6Gv7gI
1Kp3BVD5e50
Yg3QZ-FV0E0
isgutdpzd8c
2g9LNnhWjD8
q12VreVqyCw
RZQxQk6Weew
U7JZvO1mCJU
belphYIGYHg
-j3r4KFVttM
u870PxiRdMo
GGUFrlT6LeM
snK7CIUyS6Y
cc1iqeuB0S8
0PIIWPWUcpI
1zPHl4T3-i8
BSE0FOqptSY
LM2ocY1SOBM
XG9NFtcvkcw
j_5rp2TeJtU
RKLlID4Gr5I
QeWB9tvfI3Q
Dibv5V_BIS8
Wq-YZJ2CR0I
E3DigsvZCXo
IFeL7XGwJTs
EUUP5FV65Yc
heB2NK7DUT0
lzEi2H3X4gc
vT310HIX_PI
bapw-yyJ6j4
UYbA9T4l40Y
HtNKfP3Aisg
tZO18d3jsNI
CUal1uAmlKA
Ylth4e1eqBA
ZBqvDy1hFv8
4nFcpUGGm24
eZcdOdUOEws
zv80ug2J0fI
N1Qe30p2pRE
lz2shbkgykA
q8cb59dym34
AgXI3eWGnkA
-kQ58M22tNY
iPCHVNK42f8
b2M_FVTlWKQ
QQrzrTM3IQ4
oWesRdAB-fI
blpAG0wgd3I
Lxfs25XXlYA
UwZMIbXKml8
XCDfEJdMCLE
Kf9v1mkl-Yg
51d3FUYFetY
3oA0FmeA6as
-zMjSV0Qfzk
vLCARoSKL7Y
N7aFFj7eWmQ
Tm9oN8CY8Hc
rAeJvMGk2T4
FVcIG22wgXU
XoI-ZssfEMc
CF9V5P3PrGY
KAxKSUNgv4w
eXt7MhUhxeQ
P39eAHPjUQs
pFkYvvQOsOU
kQSDrWqAx4w
Xi1-qvWznpI
yMcFEtn7ONw
MtIJ45M75Ro
2AkdWvFIHA8
hLZfUBZQ3Ts
qq_LgLImeG4
yhHAtTxl_Po
6Zj-jAD2I7M
iSHvuRz6iPc
fyaWvUz6Cco
uo9FfnWpbeA
lZnb9X7xclw
6QbTRiiZmPo
CK5bAxqHx2c
jBhWOB_pMjg
OlqU_JMTzd4
04oRV-rs0MY
nqXSZzkt050
A8wYkSqYZxI
_4GLdT62K04
EEce1DRsRwQ
ku1nsJ5X4iw
0AC2WEYclJs
tIxsvxgFjpY
PfH3O3LyQow
O-gyVBNJVk4
DFpnQqgAIzs
xKxikBPuCsg
pQd_rhA8ABU
Va88EHzfATo
MyIhdI-Ysx0
1i02x2mW2NY
XrM6WqYEj9Y
I6kgirEPezg
9QJuxGFtScM
H5EecuiJEF0
C9e4NeMTqT4
4wHbEa98mGg
tXciJc2FE0Y
-Mj0igt_7AY
LYRvNKq5fto
yy-HkQnNhFE
KzaV0qJ9OwQ
KybCM1TOTbE
JxR5HglJpig
AOFsWWpYH38
HA2cC5eoFgU
3CkXBKBPVos
BWEd3TT1FJw
8yNudUmKeOQ
9kq5PbPXIzE
4f8e2g_9esI
oyK7a_HJGUE
itUExvpbWL8
xmSQD6uX6HA
FgqjEuoG8J4
k2-pS4Tnvno
ijQ0HgjmyZY
O9s0ltgnlbw
-EIoAgX4jQ8
qYVnwaloMsI
s2ZMVTsRlDU
tuWX5zy5Qcs
a1LBBoTeL0o
kvs3GJuE1Qo
HQbseUi1y9Q
xcnQbqW-hT4
n3-AuXHYBwY
Lu1NLzb-q4I
gkKo5_csym0
wREoMSMzsNY
ZY6V4VbWO78
zhiZe7rmEz0
G54Q0UGBzwo
M5wPRUyA4g4
sPAWffW7j2o
VUAng9HhyV8
emz1hfSZLTE
KghPrPbDwmg
am8sPJUpXJY
ugWRL3vsULo
B_q0QxhzyKU
S7fg3vsX50s
eCJPl3QoUDI
QG6WesfFB3A
kpU7Get8Ir0
dxVpl5u-yoA
K2jEj6bFwPI
-N2w7Ai9g7Q
JXCDpM1b8kw
cvPQjL4wDIY
woh8Jtw9DGI
qhOpbRe8g-8
l1y23KvjqKs
0qUTn7ZEEHY
ScmTkQHD2mc
CGInQffJUmI
s32rxOPAOKg
Maei0Bn3uN0
YbB2_cRqeLE
6kNwaw8reBA
5oHXesLaX8E
vvx06vzRANI
qWLhdxtKKp8
MC04XjvPqNY
2j1DsfayJKk
Cob1DAEiQsg
rwIpfYwH9Vo
7_Wh1S3wd0U
cwBegQ8rPQc
wO79H5Sb2OE
MTAMaAaOl6U
2QiKmqSG5Lk
0laDtZT-V1w
vcZ-T_XMnvs
OA8LIbNdD-M
L91vsqf89r0
kBkmx2_yBso
SpUQPmd5B-s
X6_L8YBq1d4
JZ8oaywwotk
BJRxhCy1Qmk
MyUctC8OwFY
h_fLKGi8q8E
mTOP6QeQiTQ
5kIzzj03cRI
hdPV6eOcRgo
Vfm4R9Alhgw
4COlxxCw0Ls
Yo9PWLbCjEs
URckF3vBimY
-v8n6F57wT0
I7_Wf-v2yNQ
py9a_8ZleXY
_8TAu4K4Pg8
zaMlsqTv9vU
kk4ujofNMao
UzXPLVW4wHw
ZP4WuRbqCxo
PYnxJuu65s0
D0OClR1Wnzc
HwKSUQW6is8
ayaN4KlWw0w
8O7gNLiaSm0
jYPPGiXvKpY
tTmXir2eLQk
AAmMuUrtISo
49A9LZtsKds
7ceERTlrOqk
93RluE40a-A
thZFIPOAGNQ
0QptKpUTAhc
jsQqlmVyBiM
4xLJhJnu0Bw
GzS9TJZjdDI
GS5DTOt_c74
z1Dw-xvhiWQ
hiPb53PVm5M
cq2XypkXRYI
rgnnB9G5LKg
dcCmSLfpxpI
o05k7gA95Gw
YHlCt2WYhlc
8R_VOhpBeiY
xcy1sCXaBaI
6kAgg2aLT08
nBderA8KZhM
a-hvjRI8RrQ
G1ceZwRiBhQ
-nk4sViWLKc
YQ5uO64JW4U
ROAw8Hqwf44
6FD27JbLXbg
_jt6zpA1f5E
kdNa-3iIFW4
EMS1eR9uzSI
Celeq0ZOMjs
ZY1tPVSlYZM
91Kn4ljXH4I
Ek4tH0iEdBE
FCBv1ndM2c8
YCm7u8Bvcak
IXOE9D6fJ6Q
Cphc0YTb_10
Z77r5a3K2jo
9XKKT7JRtuw
aPK81io_qbk
syUPncoG4U0
iEyJMHcMwCc
3wCZY_vW860
8U8H0cD43nA
Ff1FC-ZXBl4
jNR2zx6OQ3g
Jb9IOFbdzTo
SUDjQ3c1Kx8
yHKzBeZr5lE
aEyxAs-69zk
rYj4fqacscc
DeaEfoExJJg
O9j3hlqKiFk
p3QMDSJJSks
7c9ymKPhfl4
ew_zBNOC77A
ixTP6dFqc0g
-7T3U_NAq1o
X-eq9kvsZqI
fYkmeM3F-9g
HGjYmCn2MfY
nmdMhOkpVdc
2ey7SIkLu0E
R0YHJOITn0k
8aVmHbZO-ds
Z0D1dvRHH3E
rBtGj_vxKpk
2D86Q6bBq5Q
2kPxE_Funhw
szkh57R3IoM
syxnecAIBzg
83j0-HI0QXY
JY1Fymr9lHQ
pGUooIP5Bwo
0cM690CKArQ
Ra3fv8gl6NE
HfqtKPP2_6M
cBanEasTepw
B9AWLaPSpzk
5n6eaSLoVm4
8P0JcXLI_Yk
Tu_r6ly3HWA
8C-rpwumX7U
vQdGFZeKZxQ
qgH83NuWdwM
5n8r3D_KVHk
fe6bwraKXf4
WWkwnl2U-Ts
EW5Sp65XPpM
DKuJdTnQ0kA
oZF7h-jZvqI
7fncJdVjy5U
SQ0BKt6WrLo
or92IMcLoIc
iXcUVw0Ah7c
THr1g4ojRWc
X5EOo6TTnQ0
YvQogpW0Fcs
IL6NghcBHh4
eMzUQzDRW7Y
Mjk7ySgEPCA
vKdzI-sUEAc
ypENGsVmoj8
lhGT4goBtgc
dqaUxUkX52A
hdAQefnZsLk
ipY0bhU2fe4
H9CG07CzBTg
YjWn23pEl3k
1XAujNYFlQo
I2itlUlD10M
HnI4aLsbzlI
TgHkUvu3CiE
7zk0BDTBPv4
1Bc0sMXdX6A
eS3HjuWmtrc
SLO8NL5BoOM
s3B_GETr2Ck
GCuSDH-YEKI
WbtK7c7YsUA
eJj1mfEucGI
bfWpVdqWdrU
UyMjxwcmpoQ
ZJUIT3rur40
Rk7qyNRzksQ
SE6frrQAgxY
boUsjj80Ac4
P7J-jHj3ugM
qeKpgcL-xFM
Uxwmcg7H5DU
QSUZ-F-JkNI
B0SSmudhdR0
QShjHTXxctI
y6d4cvcccpA
f_UXyBkA-Z0
Ia7iiP5GYuo
jbodhcWcZbw
nzLuw7uF--o
vHOUpczwcyA
qr6IWEurt9s
Ua26lI_Va8k
FteOQwPDfhs
CTnBUQiMf98
KiZ9QsOPGkw
AA82nAZr4js
rUuyPRoHEtM
TnYgMRrQhSw
zzXBSf-uhwQ
fNI9lyCRgQQ
0BtDx7W6HOc
d76fmt1dBxc
6EjvHs-Hx5E
Wn_uI-7t0W4
fYpY9j6aBTc
mzYHYtYvy_E
dRRKdMguRLg
fzEzrA1de5k
xKjm6Levq9Q
DpAyr1urJRQ
upkxs9iMO6I
rZCB3skWIxc
Ib5NY3hwmmM
TSvT7WSleyg
CnPes14W13k
GFsG0a49B90
9Dt2AruE98U
EHNJrjhVe_c
vGPAVMqmZKk
TDbX1dwlmxM
O5xEx-z6cDU
99m5bEgXwcU
0Z4_Ezn7m10
SWs9gWSKOD4
spb8bYIfP1g
KQpQmNhya14
V6p-0Vw5uXo
v3kBK4tgidg
GTbXG8121IU
IhgEn_YWVEo
EC3lHbPISgk
CEOxLHKSZpY
r8-yx-bdgT4
FXoYKAw98e8
6Kz5jAFvxmk
FOTyjOJwCuk
5FbMgFFkfz8
GFse6Sb3tms
kggxZXDxISk
VOyukrkF0N4
zSdMdIlrZaU
REad4oE_VoU
QtoUvT0HSw8
FzViGlEeF6c
HSFkyCCnmkU
gGMbfJoNlqA
35UZtqVPfwc
N1GP0YqZBEM
DfyLsMvylOs
6s2esrXzJl8
6ugF4eG129o
_iM_f8gdh5I
kRxcbai4EH0
FkCTvQQHM1E
hwDFZTWAWLk
_u3YBH8qPOs
pOWEBYiQ3J4
WHjLXz6UYy8
YhzqScvNq7A
5bdHoZhNDU8
rApmDP1xxdU
Dh2Dof3x2YE
prkKyn0njtQ
fpOz0aUh-YU
a65IjMIuE9o
AGe6u7vUkQE
CePAOAV4KpI
gomUBaZuVQg
VWHd3S1mgL8
yuCk5vR2Y1g
lvSw5_hTvDI
dU2YosodntU
UEUlPm6eWfo
Td0Xo0XW-48
VcLPXixvq4E
5FPV6gUTCsg
UbWw15JgM6M
y4cG4z96sjs
rkq8-8UpAtA
E2Db8CJvuMg
JOQCK28IpJY
MMpTUpQPrn0
S4IwrE1NPqQ
DkYtur0yZis
oRl6OQZck2M
mcTzRbua9qE
HLF29w6YqXs
uYGj04Iti3E
uU6pHBs5rNY
jsMqSBB3ZTY
dMX5UVtvspw
YL7rZTV0nHw
kcSfHfyNIo4
Ci5ZgQnTKvM
O0qM17P6Sw0
fTETWg1e1g4
F1f_FFfvZFM
0hORRW7s-PE
3WWBqE0QlZc
V9EwbDYQnXk
55tSm_3GPOI
Y6b1KdtY_PM
W6C27JEJyNw
vcYwSe-pEEE
OIdCDtlASjM
UYUaotGw4AQ
THE7y0BJv6A
NahfdC7ZNU8
ieyNxacLioE
kMD7K-kTKvg
Yx4ifFsfNSU
h94qMlOlz3I
UZl6BC__xc0
ihCe6_H7JWk
O5a7ziyYaKI
xTCwNdYS5mM
P9SIjuHaiXA
ecCAUBslPyM
o18ryhEfrlg
hkxGah4Kz1g
HSvLnlX-VG4
-jIhaQWL-_Q
mU1iOYwAh84
3O_ttcwZbXo
IlXTyyFtiLc
q22EQHHA-dw
keXNlXgt64M
1cu2OleuD2s
nqpD2yPZWys
02M_OyWz-qc
IAgdPQhVQZ8
HzaAyjcLYdQ
JToWLUH3kvQ
YK1JiWWpWlU
hXlU8xEnp9U
Nw3-1eQMRPY
YiEeftrXjB4
I2ZrUetWbbI
7MKHG28QOZQ
WIYCJdSuUU4
gJHj4BtP9Go
zQk0N52SwNA
_fbCcWyYthQ
4V6Kx6rYywQ
Kzx-zX2BDZw
J7AYrX0SCcE
8WrtlRg0F5M
FocigzMZ9wc
Gm4miiUY_PM
ZiD7Egcis_E
RK4VyHe3rxI
cyWWE_krzKE
S6is8J7pPv0
lUgcXxvjTqM
H_NAAKC8TLk
7-9E2U9rlnY
yxleZpWSKQE
-lr3CSNUZ1A
BFG1AZwoY-Q
ydSNxi1VZYg
MMfVeFTF3o4
BhIg65CzW2w
_rt4Tu-oRcw
ddjU8NHbGiY
wO994aPw1zE
fdwsLl39DPo
5VZ0Kff9Zb4
Gw-ZHeYxIog
nkB35C3hLdc
cyDlvvirEkU
LOvpUgl53GU
Td9i4hErp8s
N_TCjwvWA2E
SyXu7yYINro
DtVoDpHHTjc
SwAiKwnpwWI
aIOy41ST4NM
8YAE4vZaSVc
XO_k19EzCrw
d6YCtwnYM2U
7oEPnxIaIyw
m8Hxh1Ce87U
a2ovBKeHlMc
9NoiXEL6KIw
7eAQjfZDCO0
3IWEiJUHJtM
bklrNzdtU3Q
KgVu9G-VcQk
hDd-PmZaQp8
HG4rkBqePwk
EZ7gQMgdDRE
E946WSSnB_Q
SVEJzqo2ovg
wewMaWAvgXM
O_cLT5rXCeQ
ZYbYQOfUqH8
k5gvAzkWJjw
8LnzS99I-iM
9lD29jqH078
8TYXiPHvHk4
mRBeeTmz8Aw
ldKZjcahMhQ
_e-HMw7eKi4
9M15Lw3_zPU
-B02c3ZYsCQ
AD2_jEeZhu4
11DwzFyq3rk
-WhOSRbOLo0
zSjnvlDWwrE
D_QZaJLh9ZY
0FO_Hr1JaKA
QuaC9slLSEk
GhxV90u-xME
PODyXsCD99g
DBgsSuP5Atw
7BzZBxxnUoc
Y8GnyMnNrTY
Z5JnTsR5dAI
YJUurZtGMBk
WR7sTnfBvZ0
xEFTyRyeHN4
pIXw8wNT7y4
Fq06mbE23wA
-OKZ304gJ8M
UZ8Eh5UXGxs
lC3G_HVjWNI
RziHpvCDnK8
TOghZbRxgJ8
I9z_-7Z0EEQ
6CwadZbhrgM
PDoBdJMRrNs
KIcomfr680E
KtGVzZMDBcM
rlI8Rp1dgoc
ktcyEifT3NM
cuGn7A6LYJc
HqLcdUo_RIQ
HCfIXvQ6fxE
ASm3EJAFjYQ
6LqgmcbiMBA
9jExq_qMIQY
DrxGOI_xhrg
4xXsym0DBQU
zE_Xd4DwVFg
YYN94fzcJE4
Zt8aq-TOk8I
gjltfFHX2dQ
182SiGnSpuw
ZKZ0py_uBBE
CF9WNyi362Q
XPscgdcXWg4
FcqxJ7r-e9I
HQ_FHnYA16o
J7SJZAk6Kxc
JxG_eUB0uss
EwB1awGj9Sk
ecbUefS4cpA
z9WSpl-h4KM
A_v60yhbf00
HZTvdq4gqHA
2aQDIfzSAtk
oZIDo-pNzkA
Pva3kUU7TS4
mCvW6yff3iw
UesLyZe_Ces
ykP12Q4NEww
vIwp1RhWnrM
g3AIQJISU4I
INyRXEhmlws
oTvQE3iW02o
OGVSApSCWCs
eU9mgMtsb54
VDfNCj-UOiE
1xvVU6J5O48
GAoTZW8hBBY
whHAIsmV4K8
iTtjtGf-8wQ
mda0KUZshk0
4OFevGcLHTU
OYhGxfP37us
9qzJKqpsJpc
zAuUvS0Q_pk
NrGkXNCLL7w
ILpvNKQKaWQ
kQ_TiXcm0-I
7WzMfjctk6o
wXmtvlC7aHM
0vPfCedxWCg
yobg3RRUjdc
-2wOLzOx70o
s_E5PZL7Nf0
VGWjkwIUUR4
SxuDdpMl90A
gKnW5WDBvPo
4yJU5hv5jaM
ub5gm00KNZk
ZV1KeBfKdBw
G9dyw56JLi0
gjz7PYFg47k
vzMbTXadTZs
MSNgtdDmfbc
l36W0Ircjhc
L0BHAD4tQwQ
p9ALJLWGoPc
tbZ_rF8Xlsc
j6tN67xRFDE
IXqznjqQWwQ
xaECklPSpu0
MnXAG8AalVA
wgZkS7mWpDI
7SV9eRoaNyc
pSw8fXB0bfs
y79HiJK2DnQ
KyKkQlzaEOE
pqBdRqywUtU
GBwXOEuZYB4
PnIVfnbJRqI
fz8lBMVkNkM
ZSZiyvE7h1E
7MV6tUCUd-c
_a5OALFtd3k
3ZiXxtAxK0U
gWpOAxaGDYk
FBhClNDZU7Y
PO1QCkH5xjQ
j1PvK1G1SYU
I6jzowmxe44
w9LUjfYDxN8
jEwkmdvWJ94
fStXYMRsCzo
odcll3qmZH8
FU8ZicL4CpA
4xw-xA4hzFE
xLFssbOh8xY
ASWsHE1w0Pg
v5FqvZE8PoY
8qFsS4Sui0s
QDg0chrMhT4
wTg7FG80cy8
I-Y84nCxT6w
T4J_YgO4AL0
braS4SdOruo
0tQXIAcnprs
fqsfwP379l8
esc00MaVZiU
wMducuXJeKg
gl80sB9Prb4
FVpTr92g51o
AfQJUf7VRgY
-dlURNQLATY
6D5PcYAwGOM
aF-szXkiwio
dW5GFbVt5VU
et2a9_2ZBwE
pRjXFMHidos
4k9ivEGFLgM
orfzK1BeRlg
y9cxFfB7LBw
1B1GuAlnT_c
5PycIm3e6cY
z-4lswuzlGM
DiGwiTdWy-s
Q1Kza-MfSNA
zm0HJESXjAA
X-iQHE5tdUI
ieucbKwhqjw
m6Rb75aIpKw
2jtDPk6pClE
TAbOgtYO97Q
-H5_VSdWBIU
1qDCQP67RM8
D4xYE2O9bOk
kgwkER41Hng
tiQevGDPgRY
YE1BUNl3Rjo
Vot-s5p1l5A
bHdoAhZyP3I
2EwTVvUDc0Y
6QY1aAvH4FE
qAqUSw7_BZo
F9gz91_el3A
Pfo1T1phvl4
ZaO-ySYcjVY
VaH3JudznA0
ZucOzs19RpQ
q6ZR0jUDylg
rFAP9KQXhkc
Lwjx63K1Nek
su5ABWXglVA
Kl7RLR4loWA
ft8B9B54m_U
fTJ1qybDhRs
MMvDdZqlCZ0
AOfGtvBc6-s
63Y_y1_QxU0
LofV6cJzILA
pAKQg_DeZ2g
dnsJ2vExK2o
5r_E0bXF54U
FyA1PZNAmdU
mltq5CgagOQ
ZHEalHZ7X_I
Ib11tKoL0FI
AQ3YzVmODoo
Uwm6XWFc0TM
CUUf7N6J9u8
wPXQzAi7jlA
8B5M2sXteYA
UC2w5OeHh2g
lRLiuPWstY0
mz6Z3wMFAX8
9RFbzNl8w5I
EBHKRgd8hh4
GfWrvaibYnM
LfLz-doHQMM
bu3062Dh-t0
BFtSM270Zos
-1NjfwWjROE
t5sBD13sVcc
SBiHka_PmRc
fXIfKXNhOW4
U6OLWM0xDjk
xbozL_sJ54I
rrn-Ijc-0kI
ayjyFQm06Ls
5t12EA__-pQ
1mzI2L9k0MA
jQdCURMqhcU
dxCTklQc-P0
6Luc9y2hTd4
1oQFix-SRJ4
5lEYXdh9Srk
zxdKGaB8uJ4
c-_MMhaJ82w
nolqSh4me30
IsZaOlCEmYs
DzHASUTni-Y
2wB6QikwiRU
Gchl0XLN2jg
j7yxOu6vtMs
RlCA1nhfmIQ
Kro1aO7h2mI
1-3QOPWpQq0
AgxrlJwyy_k
nn_h7p9IoXw
BKFfJqysoKg
WGfDmy78grY
N9ZA6wcIkrM
dQDY72WUsg0
zkUbe4wFPqQ
c3YGDckKIfc
SRslr3Ce37U
hsGrL9bV9VA
uRLWU2tTKDI
dTKy6u10-0o
mFrXqbAx_20
Inw5NNFIV58
lx--yi25DiY
-TZRejGqq6U
ORHaVPpM8JM
TFLOYweMJMQ
1bf-dlzpuh8
qUw9iPD-i2I
Fkg_EiFO0Bs
vVsnyQ7NVUY
XzxkBDDodlA
e6IL3Xc-jwM
nDvDsskXi64
IBaMyDR_e0M
UWJf4eB49Fs
hHphiprhSqc
3gZQOJxptyc
9isB8LyyNnk
CGVUnMHyG3Y
a6nZkyS9498
3iQTuFQHzGk
M1EoUCM6x9A
V5cKpRcbNlw
eHUDXn21QD4
HpZokUivxt0
zpoEi1pq-H0
RadnA9VlUHI
Ea7rytdkz20
K0tFR6_-etA
iFmdDH9whg0
If771hiQEcA
bWEZtSzoijQ
UvaRGcTtUmg
yN77nMI96qw
uj3bDblcPjk
ykof95oO-a8
1FF70UWxLtE
5_Y5VPicAtk
GmnYsuVDQ7s
eIIk9631d1E
JproFxMBOvs
63wQhCh8zoU
JLk9hMRcTXk
_JDxSWPe7a0
NL3k3KEbSUM
f_WJ9DVZV1Y
bcuyC7iAVAQ
PJEF8Ovwifo
5eWBT4a8C0I
tFl9MJzsZjo
D-0SHJKFV_s
oligdGY-K1k
RHfEoBEahO4
pA5IBg13DUA
Ava6hjc8QfQ
Frfnh4CMPkw
ndMIdWUsTig
vrATmAcQHfI
FC1Z53STEMQ
hGbo8W1_j2E
5MVZhPD00ro
4zx7qRRnyeQ
zePWNfPgA9k
0NrlYDS_77Q
HwnaTGm-_tY
9fyNfAmktQ4
uhz67-uvsyI
Uxd6rDalqhs
95H1CuehaV4
s_PdXJoPEKM
VyX5cXQ92k8
1JD74OH5NnY
Y0yjasDiR7g
sJM0zgOJ-jI
RY4o4o-CL38
gnXsQDrYEJY
jxezHBsHmno
43W84Tty738
Ul45k1DGzuc
0WCjrDt4P4Y
2i9CLccQl8Y
wQPP53NO9BU
RaI2MxocWFE
aXFm8a5zz0A
M6Bwdp48OQM
iQF9_pzAkoY
Dh8uTbgkWtI
m_OZsfng7HI
uRhNDi8cGR8
pJzfy0g7Y3E
n3qMgP6iTpo
2U_czxzMMpU
-yBIfZUu7Uc
UTlGyxbwvXY
DEsCPOdPTM4
3SVb0kgYIE4
WsHJY7rsRdw
c_RBhZpJj7U
YK5zthIO1S8
4fbxhl-qbT0
MHyUsnGZau4
Q8TlVmrXNXs
AlQ2QJpOa08
FyvDskqtr0U
JTF32DWjRaY
7dYHQx5pxV0
b8XdaIcOV8E
1NBQciH1ZPg
VdaygJF5qfo
UPC35EwhDyI
YO-6SZVrnUA
EreA6ItomuI
-6fZd1y714M
_kDoCeGN978
UvWlGANSDgs
T2wsFlxQJus
Hv7j_QBoywk
6HYJADMe2T8
BPUUVAF250U
kGsc1o3Ly7U
daTUMsdqJ9M
dE9ALPdj9o8
ey4Zi6QUCpo
rqGXS-VD6yM
s96wWXTOaaA
1qWwoZRgREM
MUFaZefFfAA
fdIqvyBlT00
8FErHY6G0e8
L17-ZhR6sRQ
uPaepnaNiBo
vZTcOWS3o7U
Yn-yeHY2D3o
VLLydlAC1Qw
Yl35UUksoyA
1OJTBtGZGx8
JvVHc1C-8sE
BmF8fnHZ0qc
OcGexWg955g
r4bq8O5yO1k
smiDgKDS8s4
t8Jg4lKa_Ig
NhU0PjhaiT8
CTGLFBe3csg
4CN_6eT1wfY
t-ARuW04laA
C_67cVCElxM
jtrJXMievB8
2DqvoUt3AAY
fO4Y8jRCc1g
u7Nv97eftVY
2kAnN0ht5SA
1ZAOR-z-zq4
Riixniwgv7E
w0lcwGIn7PU
XQEPhffmdXo
Etk5rYq-Uis
xWrzrnulTeY
tNt-9LAnrdU
7IyTM97Hk9k
IkQdw-4dTxY
uzVzam5V1Ps
AkTCv44e-rE
VZr7fOD8wpE
PA7ate9a4Xk
z4nb1LSmrDk
XX7zTu1o5vc
zqQRHPTy9_4
KLlsEIE2OHM
imevrLwOnzA
KDiEIqD4MJ8
HbJSIKt_e10
1WUNCwBuT3M
vsEns2L7Q20
TEJqqllAKPE
c7IK-uuJfUc
X6bg7_Z5vfw
WZirQwecSUI
PvQrFBOyDs0
6phePAZueQw
HVi3oPufVPg
_QGXwuunr8Y
qOZhTHpFEis
0eHz7e14oIA
_15AXhhXdio
hDgKGGywULI
CUHgqbHPBmI
PLshc4mmndc
qYpa5U2nOlQ
eB00altg_MY
3eFgLE1NJ4g
3vTa4bZU0-w
A7TZ_CNBZD0
b24wTlsDPak
tY3ZVmkAKyM
wPkz_-hBxv4
dscDPIf0GJI
JNiPxNkr_Lk
4eico2wDHg4
mzzemp81bVU
rA5O1aKweZk
EOLILYI6AAI
EUujHqqWtds
h_KT7YlVuKI
C4dilSn5czw
KKOVWSqyxh0
a05fwxlJROw
Vyg9x29WPpI
CedpTqHBX38
GV6oG4ZLhmQ
mJ-oPzaS_xM
wvp3aHFZbuc
KZ5pz6iShgA
u_R3QbwTZDM
HXATSgZuMS4
guFN5Pjlz_A
eQW3pXN0-eA
kWwTa50i1fc
SCryfJPs6Pw
adHWkJ1jfJU
TjjEFIIvbgI
H3HNnTCo0h4
AF81RV-T6_I
vhtOBgcEg5w
mjbbK7BcOjk
RmhGsMkqJJ4
LXIu8tNQOCQ
X4g9cTk7KCM
o4KESFAITqg
nxdvA4dit-o
4bq3YrYjG-s
mUNrr_eJP-Q
ai7wi8j7A6o
VQVbVpDhrxI
xi_J4y2SDGA
l4ML-4bj92s
nJ9R3s8L2TE
zFe4xchhkzw
nDzmRjo4sXc
E8LEVa5lo4E
j61kVvSswAA
yVf3TYGCoIg
qefElgEv-H0
PVqwFaENLM0
1eg-h25r_3E
tJeR-eLS8aE
uUCJo1j0S9s
P3MSdVW1VZ0
FEHv_cprzZY
-AGoA4_l2kU
z_ttp6er_ig
-3e5pw6JOY8
vSp3LoUEzSg
B8TR7k3M0qQ
TsvFTD_Ls7o
0p3LcHsGSds
-lBJ5fd2NHI
Gwd_5QH7mRU
4EQiSA_i83M
rdkhS7sqmvE
YkLlJp9pEdQ
wQCpcncfXfk
UZgtMK0UxlY
ObhHiVLmhXc
wHp2_W4-1MM
kY9HFbaBcgA
1UcbFrWh18U
aWm5EHmgZKA
cgms-JtfUYs
SSm_GmPviKE
JIxdvX9xCm4
wldWRBnN2ek
Fe9kToD5NMc
9e6RqT6FKk8
lL-cikfC7g0
IBaB8S5Gd3o
wJPsR6GM2yU
meQFCHonc00
et9HwTEslsU
c86jHhdqWfA
m5eteV1s8iw
waVQ6d5G564
Px1EtcbqLJM
h66ZOxMuPwE
Jru_Oo168FU
_kONVkPEy_M
LvSJXUI6rp8
cQP4-FauUOc
-JjiqAO2j9E
Dcbr9lhCxuA
k8PCw5c28iM
Ft0-Lu8n0Gs
A8E0ZU_Nq2o
xYzCy2vh5bM
_nodqT17KmY
e1vuCdigTGg
_NRZUAx1E6Q
3YhXYQQoO_I
eI6cqjX8SXU
J7oQl4Ncdak
5e9ELBGpNoc
wT8uXOSpYUs
oxAxjnzzHXA
dqYdVrlbrHk
uS6TnRlpoZI
4dnajncgxwg
badct9jXJjo
37kJlXNJGbE
7QG6zApy5AQ
JDSVWy7WDdQ
ZGHDo1xLMzE
M_VEmwncS64
SSOwXLs8rkY
uafqgmlPgXo
FYcf9ISUKKY
U6QAGOaGcpo
iyW_-tHf0Qw
g5sS-SaBlcw
mInKA0Krnso
jVoKGTzHExk
wiVk6pAbFlU
51fAqIGm3pk
575dbmSVP6M
5uf-ewa4f6Y
gzuJ-BkEtuw
magA6fAlEmY
v5_EDVGb0Vk
ttZZ30BwHbI
PcFzXRvXjzc
CvhAYv_RJIk
ePVK19kuCj8
efew7o91ncc
0T5cVgFjqik
oKUEcMS0U5c
TTa1jqebq74
7ArBHZX1yHA
9viiFzuchoo
5YVLXyjNrdk
m5kjy0zIxnU
45ZW93IvFJU
yhy6F2uidUM
waRkXEAgF60
h3EQGB3WIiE
fsbmWZXv-Hs
02qa19GamgA
ms6NeKvNhfI
BaBwUp8wOqE
eq98lcTXsAg
Z7Q_FBRgqq0
01mKyn_Gwcs
GLvqzWSRwnA
ovON3tT2w3Q
8ipj7FLS7FQ
YW-Ku62oXQA
BOEQ4B1Pjw8
hqrlVeP6puQ
-Ap4h08vceQ
JiKc69FeMRE
SewBUzNiqnQ
Pb3cFK9T1Xo
5LTWJOi3bCo
ydYPvI0w3H8
s_f8xlb7cXs
zPSM0WbsDzY
uWjuh0KWr94
uRuP5NT86u0
IjrF3IwR9fM
O7H8KvOWj6k
CNYdPsdhKzE
fXsrTpbQeQ0
yTssrY82lrc
kJVEgAL3GqI
Dc5G0v02OMw
m8hfoWCrSfI
24Zr4niKu28
37GHKHxziQI
M-cSUi4mZPU
dF6s1iVBNvI
lacHuQE7Rj8
pkIAKl0IDfo
hoPIjVy3gak
UF1uOXH3CH4
18vrb7i8dX0
nPVlVQ-5CSs
WJ_yf9VqZtM
S4FGtio82tk
I-wVdi_Vcsw
AoBK1_ixiro
y-PDkBCdVbo
AC_Bh8s6blQ
KPEAON8AhGA
3DYEi8K9lx8
WCvtkBcXxcI
NgGay5fFpZI
YTxR2XCNAic
LYVJiCCA3js
-cVhcN8hQd8
Q3SDAt6WlGI
bZBIdsGByhY
jSiq0qX-lQk
Cp8MuhVEZKs
FqYcmlWKwF0
bRaYxu2zHk0
FSu2i1lt4_A
hrSydXkYWgE
nkLNBFR8cbE
WX09azqYG9s
u2miPXsxz_k
ujjvj13dkps
E_-4UEzjyKI
3D-EM05HUps
uHkEH5HaB4M
ZfKkqXgo6BE
no644EqgHn8
I-DxzdY6mnM
uQhr1sfgJis
8AhEUJKCX1Q
YRUltq2RqbQ
wyv5cAqRxW0
GR9lQuOfzB4
sZmH3dMB32I
fUoSSm7na4o
knu-wHE66IA
ekRn1I1JbNk
pxPbgLbBGGQ
fP78XqO4hI4
dNDcnJo5mV0
aYolBGvEdcE
MM-oMSlbjz0
BK5onisqnws
Q9EVpXsylA4
OhYsjVET-cI
VIW2OBOzu7Y
AobUv1JGgQQ
zXdf7OoYJtE
kg3GuTcJuI4
-sj2KaAUiPk
ozhuQDwc35A
iYgg_OjMork
b5wGa97SA0c
7eflBqziZAQ
b4wrJjTFx_Y
P6c-VKlTRPs
czSZeY6olcc
knvqdxoqYSI
xxqpq0wM3Ms
kVBJLUtTj7o
v7gKGq_MYpU
n8_VVKbHoH0
7eFqA2s7ohA
BokHwkQpJAA
CT5WDoKTxSw
zdSIJDFFShM
rlEyiKCxZCs
BTXPwrITWQA
XMgk4v2hDQ0
IXXAoMEQdOw
EiR3QUMCE28
E3BiHif0UvI
6OZDYGETKas
NUhs0QlEOuY
-phSXvHq3Zk
S6LtyFTEdis
DJsOmYjsy88
_Qr-rs7ldJo
8HX5CDd5Wr4
V5UyJTJMDmI
OfRywggmJA4
0n28f0j976w
e8qkQUwI4oo
8tJEMwBhNR8
_VTRMkjBSSo
LyzXxFB7Nn8
o0b6zeI9r0Y
zpK_GhLnDdw
trsdXVf0gbo
zLUDWooPUJM
3_SdLzIRSjc
evoMuQOb_Fw
yLGIzzGodrc
MmeYrBTTvJg
De33olner2U
YNoKQtdGux0
ZledDjDkQcM
IdjdNgvF42o
CZ6KP5IAWoc
6ohXD3--ofQ
F352Js9ya0U
Fi-EK7BwPFU
Y2YotXfaMVg
_6cJeFKqSSg
M9XJ62_NcU4
OS-3TIJfzjg
ixGq5SIXFas
K2S75Xrqncw
6z3YyadG-8g
1ZP49mMKAZQ
JjtESvmj6FQ
PgtSaRnhY9Y
37KieyXOYG4
WFFEXQnwOZs
4_8SfW76a9o
0zbPd2A0BLg
YCQETRYZ6ps
QoiGdktgRw0
U_IFCwJJpcA
SeKTrVfQpao
NBzznbJsOM0
GBTSqn-NSg8
KmFJkUlYZUs
H3RxR2wAyno
L1-EMxAnJxo
o6s48P4hK4s
x8e2cj71CYE
tDr8ZM4okRQ
VN_GiRNNVh4
NCBguGHzKto
i3bxMSeR0T4
nen76JLvJRo
6PngFvln8Zs
-KUYx8BeoN0
Jj_H8W7wIe0
kvUc3-d53zQ
LKfpx_-R2pQ
b0ikfD53MiE
QifnGKSjKss
86kN__bZxNM
DAn7zjLnprw
OUWBsc4WcKk
PFRkGQ0cgas
3uE8nxvogW8
1mt0KkQVXsA
F6_U6rdjbmI
YMyrzUTHOMU
k-A7nTgUr1A
VbYDJ93jZ0g
CyP0KA7bJD0
iJxRS8bIa-4
O0rLqwmHH-4
U45u69MKsHk
ZXENopx_eF4
ARc_f5loHAw
Pm2gOzRnPIM
imfOfqYaX_Y
R04K0jLMZ1Y
R1FXlvX1MKI
LgJYMKsm2nE
jU3-oNh-GuE
fhR-gYhs6CI
1VKXGP2dCwQ
DBsFc0zYjX0
q5llBvQRVxM
dLc-tKubXwQ
WDQka4OaHe8
zqktJ7LC1VU
fXqQ4YUXdwU
AoSzVNHN-JA
XJ8TsK6v_uY
dcpdyl6wSsw
-st73zhZL3A
aHKYY8tPeKk
_nK2lAPe_Fk
YUsIfXLz9Co
EtzcpCR0s8M
qvVgHXF6V9A
fPi6s2VPl3s
kRlYgw6CnTQ
UEsDh1nr31s
lZ2RhsijBXM
8XyBxWdKVC4
WP0gtE3KFZ0
t5NvXMBUzaY
NroiGfNohPo
lVjUdOu3b3I
XE1sYCplPnU
ky7Nny3s9Uo
eNwkVicBuUE
Z8_gUmt0k8o
OtGtsHiZNHk
ZNh17k0zyu0
3gNIv_SnrOA
UKggjvwN0i8
bQ57MPTfyzo
Qbe1iczLOOE
SPS6vaVgK6k
Nk3xdMkwMsE
Nf3t3lCJVew
KanuZ61XN8I
ql-UTNgQrts
nHsQtRKIP1M
Ap-ehKDe5c8
BiplmyKL_y8
fNcgBAFDBP8
8hGAdltf4FI
rUiG5_GcMyY
vjWFzcQWuxI
MKYmcTp2_LM
bCfIuFmULkg
O-gkujOEzq4
OQARawc1Sjw
rd3yeX1-SaM
eIlWcH68Q2c
Td-INHQ6VR8
uaPZH8zmB7U
y3pLq3dEMBI
NFUTLEVoAKk
94CSt72xT5I
ZY6lHUqeRXU
ZzBT6Edow_0
jY8tjm0WTAU
o0-41jSUJmE
QZXZQfy-ln0
VpBqVdLDvEY
6Wz25ljfpA0
YxZLtyVKhNw
S0tTBOCGHjw
j6XnA3pULSY
eWISIF0k8Mc
-qXiXbKCuoo
XtXdYj5OoMw
F84l0qDi-wQ
ZSMFBgnJEYo
tek8-LtMgss
QcLa9IFQFak
pUWaZ_wxhhg
upLtSY2lbHM
GXF5p-BQza4
49KGhEZTz4I
juUavxZ5gfY
csFBzzTyGeA
F6-PYlXdLdE
bxwwM4YbtFw
CU23dMv3wJM
IrfDCwJRe1Q
Je1RLVV9uq8
qEOOQFCiKVM
YoIms9YhMCw
ackj48Y-zu0
KTd4sOkkrE4
BtGQCEHjOiw
kfqzoml-RtI
di6G07e6O_Q
odF57ystF2A
1C_95a3LJgY
CSCSJMQWWX8
cMJy2WAvDCM
ZSgI9XToqI0
02k3VirddwU
BIZnSHkJUTc
pCkmYeCKKFo
kZaW7SnJ8qE
1ml79SRkFIY
OuH07Zabz1U
F_ZSeHiix50
GB3RGu8Go2s
0FwrmzNC6II
zrm6-wBBbWk
g4MNFM0Cm1Q
CsGFv4Abuxg
hsesMU4MORY
CqOeK0j3i2c
Eon113Sg2mk
sb-h-bpd3DI
RKapUWxTvWI
L5sHm04nWMg
YP-tPE7WO64
IXZwrzfsMMU
ZzeEtbVQCac
_9P_Fu1x7I8
2lysF7TJTKw
baq4XzKOybI
kpbWwHi_COQ
erAu-uddoB4
t0bC8-2k9jk
ie_XXSPKj4I
JrLbEv9VZoA
E-bKZzHhSIo
wfSl4cJrUk4
xa7nzRyPN5Q
Rs8IjScNIJ8
ZFHGJa68EuA
iTAdcLaOkCI
IxyHSG44qTE
rdPRXfbfSys
XNYQylyYawY
VpvL9_l0LSg
UY25fWH8wvc
WvzoRA7Jwp0
GI3HEReHnlg
4wLgQ8S-A-M
eu47iURROUI
WVlV-GwugOc
7mmlmxamw_k
49Tabl0oB-o
Q5mRGQ9kdQQ
zn7J-Ubh1jw
xuNHZSBjJ04
ZSNP4YOFaDQ
dHddS0b5DN4
FragRM3JsYw
uIbbhD5gSsA
N4jWmydPbyc
ICo0d3JhYtE
J0WwuOF02Hg
feCNYblsTlo
60zWEPRnNfc
XVxhzOMAA-g
ikHSh-oXHTw
Gaks9Z_KhXk
SLRFwoD8kkA
FybZKi6Oi6k
bj_E_DMR_I8
WQoWMA-aIOs
SkaWZIFWWz8
5meaHBYToXg
mJMrHtBG-UE
DdPX1_XJOYQ
YzPlYv522do
xY-_7ModpnQ
8p9ILKkQrIQ
Ds2bMtJla70
5XP-DQW_1gI
eBzBh8weGMw
SHGZF4S8Bj4
cDut-A2GtLA
6vZsbpvhn5Q
hQpE8lHZrC8
dkWCH77_Ymg
R18eIEO7xVo
NtgyeYeeAK0
dAfdPFWiF9U
xpaX2j75UKk
ZgdirIednyA
2fx2aKP7UGQ
96RSqhsCLwY
dC6tQLPs2ak
